Component: ARM Compiler 6.16 Tool: armlink [5dfeaa00]

==============================================================================

Section Cross References

    main.o(.text.main) refers to system.o(.text.System_Init) for System_Init
    main.o(.text.main) refers to meas.o(.text.voltage_CurrentMeasurement_Init) for voltage_CurrentMeasurement_Init
    main.o(.text.main) refers to lm358.o(.text.voltage_Init) for voltage_Init
    main.o(.text.main) refers to lm358.o(.text.current_Init) for current_Init
    main.o(.text.main) refers to main.o(.bss.adcVoltage) for adcVoltage
    main.o(.text.main) refers to main.o(.bss.room1) for room1
    main.o(.text.main) refers to main.o(.bss.adcCurrent) for adcCurrent
    main.o(.text.main) refers to main.o(.bss.old) for old
    main.o(.text.main) refers to ddiv.o(x$fpl$ddiv) for __aeabi_ddiv
    main.o(.text.main) refers to daddsub_clz.o(x$fpl$dadd) for __aeabi_dadd
    main.o(.text.main) refers to dmul.o(x$fpl$dmul) for __aeabi_dmul
    main.o(.text.main) refers to cos.o(i.cos) for cos
    main.o(.text.main) refers to sin.o(i.sin) for sin
    main.o(.text.main) refers to lm358.o(.text.reset_Flag_Status) for reset_Flag_Status
    main.o(.text.main) refers to system.o(.text.System_TimerDelayMs) for System_TimerDelayMs
    main.o(.text.main) refers to meas.o(.text.getVoltage) for getVoltage
    main.o(.text.main) refers to meas.o(.text.getCurrent) for getCurrent
    main.o(.text.main) refers to lm358.o(.text.get_Flag_Status) for get_Flag_Status
    main.o(.text.main) refers to main.o(.bss.count1) for count1
    main.o(.text.main) refers to lm358.o(.text.get_Voltage_Timer_Value) for get_Voltage_Timer_Value
    main.o(.text.main) refers to main.o(.bss.count2) for count2
    main.o(.text.main) refers to lm358.o(.text.get_Current_Timer_Value) for get_Current_Timer_Value
    main.o(.text.main) refers to dflt_clz.o(x$fpl$dflt) for __aeabi_i2d
    main.o(.ARM.exidx.text.main) refers to main.o(.text.main) for [Anonymous Symbol]
    system.o(.text.System_Init) refers to clocks.o(.text.Clocks_Init) for Clocks_Init
    system.o(.text.System_Init) refers to systick.o(.text.SysTick_Init) for SysTick_Init
    system.o(.text.System_Init) refers to gpio.o(.text.GPIO_Reset) for GPIO_Reset
    system.o(.ARM.exidx.text.System_Init) refers to system.o(.text.System_Init) for [Anonymous Symbol]
    system.o(.text.System_TimerDelayMs) refers to systick.o(.text.SysTick_DelayMs) for SysTick_DelayMs
    system.o(.ARM.exidx.text.System_TimerDelayMs) refers to system.o(.text.System_TimerDelayMs) for [Anonymous Symbol]
    system.o(.ARM.exidx.text.System_TimerInit) refers to system.o(.text.System_TimerInit) for [Anonymous Symbol]
    system.o(.text.System_TimerDoneCounting) refers to systick.o(.text.SysTick_GetTick) for SysTick_GetTick
    system.o(.ARM.exidx.text.System_TimerDoneCounting) refers to system.o(.text.System_TimerDoneCounting) for [Anonymous Symbol]
    lm358.o(.text.voltage_Init) refers to gpio.o(.text.GPIO_Input_Init) for GPIO_Input_Init
    lm358.o(.text.voltage_Init) refers to afio.o(.text.AFIO_Init) for AFIO_Init
    lm358.o(.text.voltage_Init) refers to exti.o(.text.EXTI_Init) for EXTI_Init
    lm358.o(.text.voltage_Init) refers to lm358.o(.text.__NVIC_EnableIRQ) for __NVIC_EnableIRQ
    lm358.o(.ARM.exidx.text.voltage_Init) refers to lm358.o(.text.voltage_Init) for [Anonymous Symbol]
    lm358.o(.ARM.exidx.text.__NVIC_EnableIRQ) refers to lm358.o(.text.__NVIC_EnableIRQ) for [Anonymous Symbol]
    lm358.o(.text.current_Init) refers to gpio.o(.text.GPIO_Input_Init) for GPIO_Input_Init
    lm358.o(.text.current_Init) refers to afio.o(.text.AFIO_Init) for AFIO_Init
    lm358.o(.text.current_Init) refers to exti.o(.text.EXTI_Init) for EXTI_Init
    lm358.o(.text.current_Init) refers to lm358.o(.text.__NVIC_EnableIRQ) for __NVIC_EnableIRQ
    lm358.o(.ARM.exidx.text.current_Init) refers to lm358.o(.text.current_Init) for [Anonymous Symbol]
    lm358.o(.text.get_Voltage_Timer_Value) refers to exti.o(.text.EXTI_Get_Voltage_Count_Value) for EXTI_Get_Voltage_Count_Value
    lm358.o(.ARM.exidx.text.get_Voltage_Timer_Value) refers to lm358.o(.text.get_Voltage_Timer_Value) for [Anonymous Symbol]
    lm358.o(.text.get_Current_Timer_Value) refers to exti.o(.text.EXTI_Get_Current_Count_Value) for EXTI_Get_Current_Count_Value
    lm358.o(.ARM.exidx.text.get_Current_Timer_Value) refers to lm358.o(.text.get_Current_Timer_Value) for [Anonymous Symbol]
    lm358.o(.text.get_Flag_Status) refers to exti.o(.text.EXTI_Get_Flag_Status) for EXTI_Get_Flag_Status
    lm358.o(.ARM.exidx.text.get_Flag_Status) refers to lm358.o(.text.get_Flag_Status) for [Anonymous Symbol]
    lm358.o(.text.reset_Flag_Status) refers to exti.o(.text.EXTI_Set_Flag_Status) for EXTI_Set_Flag_Status
    lm358.o(.ARM.exidx.text.reset_Flag_Status) refers to lm358.o(.text.reset_Flag_Status) for [Anonymous Symbol]
[...]
    dmul.o(x$fpl$dmul) refers to dnaninf.o(x$fpl$dnaninf) for __fpl_dnaninf
    cos.o(i.__softfp_cos) refers (Special) to usenofp.o(x$fpl$usenofp) for __I$use$fp
    cos.o(i.__softfp_cos) refers to cos.o(i.cos) for cos
    cos.o(i.cos) refers (Special) to usenofp.o(x$fpl$usenofp) for __I$use$fp
    cos.o(i.cos) refers to _rserrno.o(.text) for __set_errno
    cos.o(i.cos) refers to dunder.o(i.__mathlib_dbl_invalid) for __mathlib_dbl_invalid
    cos.o(i.cos) refers to dunder.o(i.__mathlib_dbl_infnan) for __mathlib_dbl_infnan
    cos.o(i.cos) refers to rred.o(i.__ieee754_rem_pio2) for __ieee754_rem_pio2
    cos.o(i.cos) refers to sin_i.o(i.__kernel_sin) for __kernel_sin
    cos.o(i.cos) refers to cos_i.o(i.__kernel_cos) for __kernel_cos
    sin.o(i.__softfp_sin) refers (Special) to usenofp.o(x$fpl$usenofp) for __I$use$fp
    sin.o(i.__softfp_sin) refers to sin.o(i.sin) for sin
    sin.o(i.sin) refers (Special) to usenofp.o(x$fpl$usenofp) for __I$use$fp
    sin.o(i.sin) refers to _rserrno.o(.text) for __set_errno
    sin.o(i.sin) refers to dunder.o(i.__mathlib_dbl_invalid) for __mathlib_dbl_invalid
    sin.o(i.sin) refers to dunder.o(i.__mathlib_dbl_infnan) for __mathlib_dbl_infnan
    sin.o(i.sin) refers to rred.o(i.__ieee754_rem_pio2) for __ieee754_rem_pio2
    sin.o(i.sin) refers to cos_i.o(i.__kernel_cos) for __kernel_cos
    sin.o(i.sin) refers to sin_i.o(i.__kernel_sin) for __kernel_sin
    __rtentry.o(.ARM.Collect$$rtentry$$00000000) refers (Special) to __rtentry2.o(.ARM.Collect$$rtentry$$0000000A) for __rt_entry_li
    __rtentry.o(.ARM.Collect$$rtentry$$00000000) refers (Special) to __rtentry2.o(.ARM.Collect$$rtentry$$0000000D) for __rt_entry_main
    __rtentry.o(.ARM.Collect$$rtentry$$00000000) refers (Special) to __rtentry2.o(.ARM.Collect$$rtentry$$0000000C) for __rt_entry_postli_1
    __rtentry.o(.ARM.Collect$$rtentry$$00000000) refers (Special) to __rtentry2.o(.ARM.Collect$$rtentry$$00000009) for __rt_entry_postsh_1
    __rtentry.o(.ARM.Collect$$rtentry$$00000000) refers (Special) to __rtentry2.o(.ARM.Collect$$rtentry$$00000002) for __rt_entry_presh_1
    __rtentry.o(.ARM.Collect$$rtentry$$00000000) refers (Special) to __rtentry4.o(.ARM.Collect$$rtentry$$00000004) for __rt_entry_sh
    _rserrno.o(.text) refers to rt_errno_addr_intlibspace.o(.text) for __aeabi_errno_addr
    dnaninf.o(x$fpl$dnaninf) refers (Special) to usenofp.o(x$fpl$usenofp) for __I$use$fp
    dretinf.o(x$fpl$dretinf) refers (Special) to usenofp.o(x$fpl$usenofp) for __I$use$fp
    cos_i.o(i.__kernel_cos) refers (Special) to usenofp.o(x$fpl$usenofp) for __I$use$fp
    cos_i.o(i.__kernel_cos) refers to dfix.o(x$fpl$dfix) for __aeabi_d2iz
    cos_i.o(i.__kernel_cos) refers to dmul.o(x$fpl$dmul) for __aeabi_dmul
    cos_i.o(i.__kernel_cos) refers to poly.o(i.__kernel_poly) for __kernel_poly
    cos_i.o(i.__kernel_cos) refers to daddsub_clz.o(x$fpl$dsub) for __aeabi_dsub
    cos_i.o(i.__kernel_cos) refers to scalbn.o(x$fpl$scalbn) for __ARM_scalbn
    cos_i.o(i.__kernel_cos) refers to daddsub_clz.o(x$fpl$drsb) for __aeabi_drsub
    cos_i.o(i.__kernel_cos) refers to cos_i.o(.constdata) for .constdata
    cos_i.o(.constdata) refers (Special) to usenofp.o(x$fpl$usenofp) for __I$use$fp
    dunder.o(i.__mathlib_dbl_divzero) refers to ddiv.o(x$fpl$ddiv) for __aeabi_ddiv
    dunder.o(i.__mathlib_dbl_infnan) refers to scalbn.o(x$fpl$scalbn) for __ARM_scalbn
    dunder.o(i.__mathlib_dbl_infnan2) refers to daddsub_clz.o(x$fpl$dadd) for __aeabi_dadd
    dunder.o(i.__mathlib_dbl_invalid) refers to ddiv.o(x$fpl$ddiv) for __aeabi_ddiv
    dunder.o(i.__mathlib_dbl_overflow) refers to scalbn.o(x$fpl$scalbn) for __ARM_scalbn
    dunder.o(i.__mathlib_dbl_posinfnan) refers to dmul.o(x$fpl$dmul) for __aeabi_dmul
    dunder.o(i.__mathlib_dbl_underflow) refers to scalbn.o(x$fpl$scalbn) for __ARM_scalbn
    rred.o(i.__ieee754_rem_pio2) refers (Special) to usenofp.o(x$fpl$usenofp) for __I$use$fp
    rred.o(i.__ieee754_rem_pio2) refers to daddsub_clz.o(x$fpl$dsub) for __aeabi_dsub
    rred.o(i.__ieee754_rem_pio2) refers to daddsub_clz.o(x$fpl$dadd) for __aeabi_dadd
    rred.o(i.__ieee754_rem_pio2) refers to dmul.o(x$fpl$dmul) for __aeabi_dmul
    rred.o(i.__ieee754_rem_pio2) refers to dfix.o(x$fpl$dfix) for __aeabi_d2iz
    rred.o(i.__ieee754_rem_pio2) refers to dflt_clz.o(x$fpl$dflt) for __aeabi_i2d
    rred.o(i.__ieee754_rem_pio2) refers to daddsub_clz.o(x$fpl$drsb) for __aeabi_drsub
    rred.o(i.__ieee754_rem_pio2) refers to dflt_clz.o(x$fpl$dfltu) for __aeabi_ui2d
    rred.o(i.__ieee754_rem_pio2) refers to scalbn.o(x$fpl$scalbn) for __ARM_scalbn
    rred.o(i.__ieee754_rem_pio2) refers to rred.o(.constdata) for .constdata
    rred.o(i.__use_accurate_range_reduction) refers (Special) to usenofp.o(x$fpl$usenofp) for __I$use$fp
    rred.o(.constdata) refers (Special) to usenofp.o(x$fpl$usenofp) for __I$use$fp
    sin_i.o(i.__kernel_sin) refers (Special) to usenofp.o(x$fpl$usenofp) for __I$use$fp
    sin_i.o(i.__kernel_sin) refers to fpclassify.o(i.__ARM_fpclassify) for __ARM_fpclassify
    sin_i.o(i.__kernel_sin) refers to dunder.o(i.__mathlib_dbl_underflow) for __mathlib_dbl_underflow
    sin_i.o(i.__kernel_sin) refers to dmul.o(x$fpl$dmul) for __aeabi_dmul
    sin_i.o(i.__kernel_sin) refers to poly.o(i.__kernel_poly) for __kernel_poly
    sin_i.o(i.__kernel_sin) refers to scalbn.o(x$fpl$scalbn) for __ARM_scalbn
    sin_i.o(i.__kernel_sin) refers to daddsub_clz.o(x$fpl$dsub) for __aeabi_dsub
    sin_i.o(i.__kernel_sin) refers to daddsub_clz.o(x$fpl$drsb) for __aeabi_drsub
    sin_i.o(i.__kernel_sin) refers to daddsub_clz.o(x$fpl$dadd) for __aeabi_dadd
    sin_i.o(i.__kernel_sin) refers to sin_i.o(.constdata) for .constdata
    sin_i.o(.constdata) refers (Special) to usenofp.o(x$fpl$usenofp) for __I$use$fp
    __rtentry2.o(.ARM.Collect$$rtentry$$00000008) refers to boardinit2.o(.text) for _platform_post_stackheap_init
    __rtentry2.o(.ARM.Collect$$rtentry$$0000000A) refers to libinit.o(.ARM.Collect$$libinit$$00000000) for __rt_lib_init
    __rtentry2.o(.ARM.Collect$$rtentry$$0000000B) refers to boardinit3.o(.text) for _platform_post_lib_init
    __rtentry2.o(.ARM.Collect$$rtentry$$0000000D) refers to main.o(.text.main) for main
    __rtentry2.o(.ARM.Collect$$rtentry$$0000000D) refers to exit.o(.text) for exit
    __rtentry2.o(.ARM.exidx) refers to __rtentry2.o(.ARM.Collect$$rtentry$$00000001) for .ARM.Collect$$rtentry$$00000001
    __rtentry2.o(.ARM.exidx) refers to __rtentry2.o(.ARM.Collect$$rtentry$$00000008) for .ARM.Collect$$rtentry$$00000008
    __rtentry2.o(.ARM.exidx) refers to __rtentry2.o(.ARM.Collect$$rtentry$$0000000A) for .ARM.Collect$$rtentry$$0000000A
    __rtentry2.o(.ARM.exidx) refers to __rtentry2.o(.ARM.Collect$$rtentry$$0000000B) for .ARM.Collect$$rtentry$$0000000B
    __rtentry2.o(.ARM.exidx) refers to __rtentry2.o(.ARM.Collect$$rtentry$$0000000D) for .ARM.Collect$$rtentry$$0000000D
    __rtentry4.o(.ARM.Collect$$rtentry$$00000004) refers to sys_stackheap_outer.o(.text) for __user_setup_stackheap
    __rtentry4.o(.ARM.exidx) refers to __rtentry4.o(.ARM.Collect$$rtentry$$00000004) for .ARM.Collect$$rtentry$$00000004
    rt_errno_addr.o(.text) refers to rt_errno_addr.o(.bss) for __aeabi_errno_addr_data
    rt_errno_addr_intlibspace.o(.text) refers to libspace.o(.bss) for __libspace_start
    dfix.o(x$fpl$dfix) refers (Special) to usenofp.o(x$fpl$usenofp) for __I$use$fp
    dfix.o(x$fpl$dfix) refers to dnaninf.o(x$fpl$dnaninf) for __fpl_dnaninf
    dfix.o(x$fpl$dfixr) refers (Special) to usenofp.o(x$fpl$usenofp) for __I$use$fp
    dfix.o(x$fpl$dfixr) refers to dnaninf.o(x$fpl$dnaninf) for __fpl_dnaninf
    scalbn.o(x$fpl$scalbn) refers (Special) to usenofp.o(x$fpl$usenofp) for __I$use$fp
    scalbn.o(x$fpl$scalbn) refers to dcheck1.o(x$fpl$dcheck1) for __fpl_dcheck_NaN1
    fpclassify.o(i.__ARM_fpclassify) refers (Special) to usenofp.o(x$fpl$usenofp) for __I$use$fp
    poly.o(i.__kernel_poly) refers (Special) to usenofp.o(x$fpl$usenofp) for __I$use$fp
    poly.o(i.__kernel_poly) refers to dmul.o(x$fpl$dmul) for __aeabi_dmul
    poly.o(i.__kernel_poly) refers to daddsub_clz.o(x$fpl$dadd) for __aeabi_dadd
    libspace.o(.text) refers to libspace.o(.bss) for __libspace_start
    sys_stackheap_outer.o(.text) refers to libspace.o(.text) for __user_perproc_libspace
    sys_stackheap_outer.o(.text) refers to startup_stm32f10x_md.o(.text) for __user_initial_stackheap
    exit.o(.text) refers to rtexit.o(.ARM.Collect$$rtexit$$00000000) for __rt_exit
    libinit.o(.ARM.Collect$$libinit$$00000000) refers (Special) to libinit2.o(.ARM.Collect$$libinit$$0000002E) for __rt_lib_init_alloca_1
    libinit.o(.ARM.Collect$$libinit$$00000000) refers (Special) to libinit2.o(.ARM.Collect$$libinit$$0000002C) for __rt_lib_init_argv_1
    libinit.o(.ARM.Collect$$libinit$$00000000) refers (Special) to libinit2.o(.ARM.Collect$$libinit$$0000001B) for __rt_lib_init_atexit_1
    libinit.o(.ARM.Collect$$libinit$$00000000) refers (Special) to libinit2.o(.ARM.Collect$$libinit$$00000021) for __rt_lib_init_clock_1
    libinit.o(.ARM.Collect$$libinit$$00000000) refers (Special) to libinit2.o(.ARM.Collect$$libinit$$00000032) for __rt_lib_init_cpp_1
    libinit.o(.ARM.Collect$$libinit$$00000000) refers (Special) to libinit2.o(.ARM.Collect$$libinit$$00000030) for __rt_lib_init_exceptions_1
    libinit.o(.ARM.Collect$$libinit$$00000000) refers (Special) to libinit2.o(.ARM.Collect$$libinit$$00000002) for __rt_lib_init_fp_1
    libinit.o(.ARM.Collect$$libinit$$00000000) refers (Special) to libinit2.o(.ARM.Collect$$libinit$$0000001F) for __rt_lib_init_fp_trap_1
    libinit.o(.ARM.Collect$$libinit$$00000000) refers (Special) to libinit2.o(.ARM.Collect$$libinit$$00000023) for __rt_lib_init_getenv_1
    libinit.o(.ARM.Collect$$libinit$$00000000) refers (Special) to libinit2.o(.ARM.Collect$$libinit$$0000000A) for __rt_lib_init_heap_1
    libinit.o(.ARM.Collect$$libinit$$00000000) refers (Special) to libinit2.o(.ARM.Collect$$libinit$$00000011) for __rt_lib_init_lc_collate_1
    libinit.o(.ARM.Collect$$libinit$$00000000) refers (Special) to libinit2.o(.ARM.Collect$$libinit$$00000013) for __rt_lib_init_lc_ctype_1
    libinit.o(.ARM.Collect$$libinit$$00000000) refers (Special) to libinit2.o(.ARM.Collect$$libinit$$00000015) for __rt_lib_init_lc_monetary_1
    libinit.o(.ARM.Collect$$libinit$$00000000) refers (Special) to libinit2.o(.ARM.Collect$$libinit$$00000017) for __rt_lib_init_lc_numeric_1
    libinit.o(.ARM.Collect$$libinit$$00000000) refers (Special) to libinit2.o(.ARM.Collect$$libinit$$00000019) for __rt_lib_init_lc_time_1
    libinit.o(.ARM.Collect$$libinit$$00000000) refers (Special) to libinit2.o(.ARM.Collect$$libinit$$00000004) for __rt_lib_init_preinit_1
    libinit.o(.ARM.Collect$$libinit$$00000000) refers (Special) to libinit2.o(.ARM.Collect$$libinit$$0000000E) for __rt_lib_init_rand_1
    libinit.o(.ARM.Collect$$libinit$$00000000) refers (Special) to libinit2.o(.ARM.Collect$$libinit$$00000033) for __rt_lib_init_return
    libinit.o(.ARM.Collect$$libinit$$00000000) refers (Special) to libinit2.o(.ARM.Collect$$libinit$$0000001D) for __rt_lib_init_signal_1
    libinit.o(.ARM.Collect$$libinit$$00000000) refers (Special) to libinit2.o(.ARM.Collect$$libinit$$00000025) for __rt_lib_init_stdio_1
    libinit.o(.ARM.Collect$$libinit$$00000000) refers (Special) to libinit2.o(.ARM.Collect$$libinit$$0000000C) for __rt_lib_init_user_alloc_1
    dcheck1.o(x$fpl$dcheck1) refers (Special) to usenofp.o(x$fpl$usenofp) for __I$use$fp
    dcheck1.o(x$fpl$dcheck1) refers to retnan.o(x$fpl$retnan) for __fpl_return_NaN
    rtexit.o(.ARM.Collect$$rtexit$$00000000) refers (Special) to rtexit2.o(.ARM.Collect$$rtexit$$00000004) for __rt_exit_exit
    rtexit.o(.ARM.Collect$$rtexit$$00000000) refers (Special) to rtexit2.o(.ARM.Collect$$rtexit$$00000003) for __rt_exit_ls
    rtexit.o(.ARM.Collect$$rtexit$$00000000) refers (Special) to rtexit2.o(.ARM.Collect$$rtexit$$00000002) for __rt_exit_prels_1
    rtexit.o(.ARM.exidx) refers (Special) to rtexit2.o(.ARM.Collect$$rtexit$$00000004) for __rt_exit_exit
    rtexit.o(.ARM.exidx) refers (Special) to rtexit2.o(.ARM.Collect$$rtexit$$00000003) for __rt_exit_ls
    rtexit.o(.ARM.exidx) refers (Special) to rtexit2.o(.ARM.Collect$$rtexit$$00000002) for __rt_exit_prels_1
    rtexit.o(.ARM.exidx) refers to rtexit.o(.ARM.Collect$$rtexit$$00000000) for .ARM.Collect$$rtexit$$00000000
    libinit2.o(.ARM.Collect$$libinit$$00000010) refers to libinit2.o(.ARM.Collect$$libinit$$0000000F) for .ARM.Collect$$libinit$$0000000F
    libinit2.o(.ARM.Collect$$libinit$$00000012) refers to libinit2.o(.ARM.Collect$$libinit$$0000000F) for .ARM.Collect$$libinit$$0000000F
    libinit2.o(.ARM.Collect$$libinit$$00000014) refers to libinit2.o(.ARM.Collect$$libinit$$0000000F) for .ARM.Collect$$libinit$$0000000F
    libinit2.o(.ARM.Collect$$libinit$$00000016) refers to libinit2.o(.ARM.Collect$$libinit$$0000000F) for .ARM.Collect$$libinit$$0000000F
    libinit2.o(.ARM.Collect$$libinit$$00000018) refers to libinit2.o(.ARM.Collect$$libinit$$0000000F) for .ARM.Collect$$libinit$$0000000F
    libinit2.o(.ARM.Collect$$libinit$$00000026) refers to argv_veneer.o(.emb_text) for __ARM_argv_veneer
    libinit2.o(.ARM.Collect$$libinit$$00000027) refers to argv_veneer.o(.emb_text) for __ARM_argv_veneer
    retnan.o(x$fpl$retnan) refers (Special) to usenofp.o(x$fpl$usenofp) for __I$use$fp
    retnan.o(x$fpl$retnan) refers to trapv.o(x$fpl$trapveneer) for __fpl_cmpreturn
    rtexit2.o(.ARM.Collect$$rtexit$$00000003) refers to libshutdown.o(.ARM.Collect$$libshutdown$$00000000) for __rt_lib_shutdown
    rtexit2.o(.ARM.Collect$$rtexit$$00000004) refers to sys_exit.o(.text) for _sys_exit
    rtexit2.o(.ARM.exidx) refers to rtexit2.o(.ARM.Collect$$rtexit$$00000001) for .ARM.Collect$$rtexit$$00000001
    rtexit2.o(.ARM.exidx) refers to rtexit2.o(.ARM.Collect$$rtexit$$00000003) for .ARM.Collect$$rtexit$$00000003
    rtexit2.o(.ARM.exidx) refers to rtexit2.o(.ARM.Collect$$rtexit$$00000004) for .ARM.Collect$$rtexit$$00000004
    argv_veneer.o(.emb_text) refers to no_argv.o(.text) for __ARM_get_argv
    trapv.o(x$fpl$trapveneer) refers (Special) to usenofp.o(x$fpl$usenofp) for __I$use$fp
    sys_exit.o(.text) refers (Special) to use_no_semi.o(.text) for __I$use$semihosting
    sys_exit.o(.text) refers (Special) to indicate_semi.o(.text) for __semihosting_library_function
    sys_exit_hlt.o(.text) refers (Special) to use_no_semi.o(.text) for __I$use$semihosting
    sys_exit_hlt.o(.text) refers (Special) to indicate_semi.o(.text) for __semihosting_library_function
    _get_argv_nomalloc.o(.text) refers (Special) to hrguard.o(.text) for __heap_region$guard
    _get_argv_nomalloc.o(.text) refers to defsig_rtmem_outer.o(.text) for __rt_SIGRTMEM
    _get_argv_nomalloc.o(.text) refers to sys_command.o(.text) for _sys_command_string
    libshutdown.o(.ARM.Collect$$libshutdown$$00000000) refers (Special) to libshutdown2.o(.ARM.Collect$$libshutdown$$00000002) for __rt_lib_shutdown_cpp_1
    libshutdown.o(.ARM.Collect$$libshutdown$$00000000) refers (Special) to libshutdown2.o(.ARM.Collect$$libshutdown$$00000007) for __rt_lib_shutdown_fp_trap_1
    libshutdown.o(.ARM.Collect$$libshutdown$$00000000) refers (Special) to libshutdown2.o(.ARM.Collect$$libshutdown$$0000000F) for __rt_lib_shutdown_heap_1
    libshutdown.o(.ARM.Collect$$libshutdown$$00000000) refers (Special) to libshutdown2.o(.ARM.Collect$$libshutdown$$00000010) for __rt_lib_shutdown_return
    libshutdown.o(.ARM.Collect$$libshutdown$$00000000) refers (Special) to libshutdown2.o(.ARM.Collect$$libshutdown$$0000000A) for __rt_lib_shutdown_signal_1
    libshutdown.o(.ARM.Collect$$libshutdown$$00000000) refers (Special) to libshutdown2.o(.ARM.Collect$$libshutdown$$00000004) for __rt_lib_shutdown_stdio_1
    libshutdown.o(.ARM.Collect$$libshutdown$$00000000) refers (Special) to libshutdown2.o(.ARM.Collect$$libshutdown$$0000000C) for __rt_lib_shutdown_user_alloc_1
    sys_command.o(.text) refers (Special) to use_no_semi.o(.text) for __I$use$semihosting
    sys_command.o(.text) refers (Special) to indicate_semi.o(.text) for __semihosting_library_function
    sys_command_hlt.o(.text) refers (Special) to use_no_semi.o(.text) for __I$use$semihosting
    sys_command_hlt.o(.text) refers (Special) to indicate_semi.o(.text) for __semihosting_library_function
    defsig_rtmem_outer.o(.text) refers to defsig_rtmem_inner.o(.text) for __rt_SIGRTMEM_inner
    defsig_rtmem_outer.o(.text) refers to defsig_exit.o(.text) for __sig_exit
    defsig_rtmem_formal.o(.text) refers to rt_raise.o(.text) for __rt_raise
    rt_raise.o(.text) refers to __raise.o(.text) for __raise
    rt_raise.o(.text) refers to sys_exit.o(.text) for _sys_exit
    defsig_exit.o(.text) refers to sys_exit.o(.text) for _sys_exit
    defsig_rtmem_inner.o(.text) refers to defsig_general.o(.text) for __default_signal_display
    __raise.o(.text) refers to defsig.o(CL$$defsig) for __default_signal_handler
    defsig_general.o(.text) refers to sys_wrch.o(.text) for _ttywrch
    sys_wrch.o(.text) refers (Special) to use_no_semi.o(.text) for __I$use$semihosting
    sys_wrch.o(.text) refers (Special) to indicate_semi.o(.text) for __semihosting_library_function
    sys_wrch_hlt.o(.text) refers (Special) to use_no_semi.o(.text) for __I$use$semihosting
    sys_wrch_hlt.o(.text) refers (Special) to indicate_semi.o(.text) for __semihosting_library_function
    defsig.o(CL$$defsig) refers to defsig_rtmem_inner.o(.text) for __rt_SIGRTMEM_inner
    defsig_abrt_inner.o(.text) refers to defsig_general.o(.text) for __default_signal_display
    defsig_fpe_inner.o(.text) refers to defsig_general.o(.text) for __default_signal_display
    defsig_rtred_inner.o(.text) refers to defsig_general.o(.text) for __default_signal_display
    defsig_stak_inner.o(.text) refers to defsig_general.o(.text) for __default_signal_display
    defsig_pvfn_inner.o(.text) refers to defsig_general.o(.text) for __default_signal_display
    defsig_cppl_inner.o(.text) refers to defsig_general.o(.text) for __default_signal_display
    defsig_segv_inner.o(.text) refers to defsig_general.o(.text) for __default_signal_display
    defsig_other.o(.text) refers to defsig_general.o(.text) for __default_signal_display


==============================================================================

Removing Unused input sections from the image.

    Removing main.o(.text), (0 bytes).
    Removing main.o(.ARM.exidx.text.main), (8 bytes).
    Removing main.o(.ARM.use_no_argv), (4 bytes).
    Removing system.o(.text), (0 bytes).
    Removing system.o(.ARM.exidx.text.System_Init), (8 bytes).
    Removing system.o(.ARM.exidx.text.System_TimerDelayMs), (8 bytes).
    Removing system.o(.text.System_TimerInit), (10 bytes).
    Removing system.o(.ARM.exidx.text.System_TimerInit), (8 bytes).
    Removing system.o(.text.System_TimerDoneCounting), (48 bytes).
    Removing system.o(.ARM.exidx.text.System_TimerDoneCounting), (8 bytes).
    Removing lm358.o(.text), (0 bytes).
    Removing lm358.o(.ARM.exidx.text.voltage_Init), (8 bytes).
    Removing lm358.o(.ARM.exidx.text.__NVIC_EnableIRQ), (8 bytes).
    Removing lm358.o(.ARM.exidx.text.current_Init), (8 bytes).
    Removing lm358.o(.ARM.exidx.text.get_Voltage_Timer_Value), (8 bytes).
    Removing lm358.o(.ARM.exidx.text.get_Current_Timer_Value), (8 bytes).
    Removing lm358.o(.ARM.exidx.text.get_Flag_Status), (8 bytes).
    Removing lm358.o(.ARM.exidx.text.reset_Flag_Status), (8 bytes).
    Removing meas.o(.text), (0 bytes).
    Removing meas.o(.ARM.exidx.text.voltage_CurrentMeasurement_Init), (8 bytes).
    Removing meas.o(.ARM.exidx.text.getVoltage), (8 bytes).
    Removing meas.o(.ARM.exidx.text.store_ADC_Voltage), (8 bytes).
    Removing meas.o(.ARM.exidx.text.getMaximumValue), (8 bytes).
    Removing meas.o(.ARM.exidx.text.getCurrent), (8 bytes).
    Removing meas.o(.ARM.exidx.text.store_ADC_Current), (8 bytes).
    Removing afio.o(.text), (0 bytes).
    Removing afio.o(.ARM.exidx.text.AFIO_Init), (8 bytes).
    Removing clocks.o(.text), (0 bytes).
    Removing clocks.o(.ARM.exidx.text.Clocks_Init), (8 bytes).
    Removing exti.o(.text), (0 bytes).
    Removing exti.o(.ARM.exidx.text.EXTI_Init), (8 bytes).
    Removing exti.o(.text.EXTI_Set_Edge_Detected), (12 bytes).
    Removing exti.o(.ARM.exidx.text.EXTI_Set_Edge_Detected), (8 bytes).
    Removing exti.o(.text.EXTI_Get_Edge_Detected), (12 bytes).
    Removing exti.o(.ARM.exidx.text.EXTI_Get_Edge_Detected), (8 bytes).
    Removing exti.o(.ARM.exidx.text.EXTI_Get_Flag_Status), (8 bytes).
    Removing exti.o(.ARM.exidx.text.EXTI_Set_Flag_Status), (8 bytes).
    Removing exti.o(.ARM.exidx.text.EXTI_Get_Voltage_Count_Value), (8 bytes).
    Removing exti.o(.ARM.exidx.text.EXTI_Get_Current_Count_Value), (8 bytes).
    Removing exti.o(.ARM.exidx.text.EXTI0_IRQHandler), (8 bytes).
    Removing exti.o(.ARM.exidx.text.EXTI4_IRQHandler), (8 bytes).
    Removing exti.o(.bss.edgeDetected), (5 bytes).
    Removing gpio.o(.text), (0 bytes).
    Removing gpio.o(.ARM.exidx.text.GPIO_Reset), (8 bytes).
    Removing gpio.o(.ARM.exidx.text.GPIO_Input_Init), (8 bytes).
    Removing gpio.o(.text.GPIO_Output_Init), (20 bytes).
    Removing gpio.o(.ARM.exidx.text.GPIO_Output_Init), (8 bytes).
    Removing gpio.o(.text.GPIO_Output_Write), (28 bytes).
    Removing gpio.o(.ARM.exidx.text.GPIO_Output_Write), (8 bytes).
    Removing gpio.o(.text.GPIO_Output_Clear_Reg), (10 bytes).
    Removing gpio.o(.ARM.exidx.text.GPIO_Output_Clear_Reg), (8 bytes).
    Removing gpio.o(.text.GPIO_Output_Reg_Write), (8 bytes).
    Removing gpio.o(.ARM.exidx.text.GPIO_Output_Reg_Write), (8 bytes).
    Removing gpio.o(.text.GPIO_Input_Read), (10 bytes).
    Removing gpio.o(.ARM.exidx.text.GPIO_Input_Read), (8 bytes).
    Removing gpio.o(.text.GPIO_Output_Read), (10 bytes).
    Removing gpio.o(.ARM.exidx.text.GPIO_Output_Read), (8 bytes).
    Removing gptm.o(.text), (0 bytes).
    Removing gptm.o(.text.GPTM_Init), (24 bytes).
    Removing gptm.o(.ARM.exidx.text.GPTM_Init), (8 bytes).
    Removing gptm.o(.text.GPTM_PWM_Init), (48 bytes).
    Removing gptm.o(.ARM.exidx.text.GPTM_PWM_Init), (8 bytes).
    Removing gptm.o(.text.GPTM_Control), (12 bytes).
    Removing gptm.o(.ARM.exidx.text.GPTM_Control), (8 bytes).
    Removing gptm.o(.text.GPTM_Count_Value), (4 bytes).
    Removing gptm.o(.ARM.exidx.text.GPTM_Count_Value), (8 bytes).
    Removing systick.o(.text), (0 bytes).
    Removing systick.o(.ARM.exidx.text.SysTick_Init), (8 bytes).
    Removing systick.o(.ARM.exidx.text.SysTick_GetTick), (8 bytes).
    Removing systick.o(.ARM.exidx.text.SysTick_DelayMs), (8 bytes).
    Removing systick.o(.ARM.exidx.text.SysTick_Handler), (8 bytes).
    Removing adc.o(.text), (0 bytes).
    Removing adc.o(.ARM.exidx.text.ADC_Single_Conv_Init), (8 bytes).
    Removing adc.o(.ARM.exidx.text.ADC_Read), (8 bytes).
    Removing system_stm32f10x.o(.text), (0 bytes).
    Removing system_stm32f10x.o(.ARM.exidx.text.SystemInit), (8 bytes).
    Removing system_stm32f10x.o(.ARM.exidx.text.SetSysClock), (8 bytes).
    Removing system_stm32f10x.o(.text.SystemCoreClockUpdate), (110 bytes).
    Removing system_stm32f10x.o(.ARM.exidx.text.SystemCoreClockUpdate), (8 bytes).
    Removing system_stm32f10x.o(.ARM.exidx.text.SetSysClockTo72), (8 bytes).
    Removing system_stm32f10x.o(.data.SystemCoreClock), (4 bytes).
    Removing system_stm32f10x.o(.rodata.AHBPrescTable), (16 bytes).

82 unused section(s) (total 803 bytes) removed from the image.

==============================================================================

Image Symbol Table

    Local Symbols

    Symbol Name                              Value     Ov Type        Size  Object(Section)

    ../clib/angel/boardlib.s                 0x00000000   Number         0  boardinit1.o ABSOLUTE
    ../clib/angel/boardlib.s                 0x00000000   Number         0  boardinit2.o ABSOLUTE
    ../clib/angel/boardlib.s                 0x00000000   Number         0  boardinit3.o ABSOLUTE
    ../clib/angel/boardlib.s                 0x00000000   Number         0  boardshut.o ABSOLUTE
    ../clib/angel/handlers.s                 0x00000000   Number         0  __scatter_zi.o ABSOLUTE
    ../clib/angel/kernel.s                   0x00000000   Number         0  __rtentry.o ABSOLUTE
    ../clib/angel/kernel.s                   0x00000000   Number         0  __rtentry2.o ABSOLUTE
    ../clib/angel/kernel.s                   0x00000000   Number         0  __rtentry4.o ABSOLUTE
    ../clib/angel/kernel.s                   0x00000000   Number         0  rtexit.o ABSOLUTE
    ../clib/angel/kernel.s                   0x00000000   Number         0  rtexit2.o ABSOLUTE
    ../clib/angel/rt.s                       0x00000000   Number         0  rt_errno_addr.o ABSOLUTE
    ../clib/angel/rt.s                       0x00000000   Number         0  rt_errno_addr_intlibspace.o ABSOLUTE
    ../clib/angel/rt.s                       0x00000000   Number         0  rt_raise.o ABSOLUTE
    ../clib/angel/scatter.s                  0x00000000   Number         0  __scatter.o ABSOLUTE
    ../clib/angel/startup.s                  0x00000000   Number         0  __main.o ABSOLUTE
    ../clib/angel/sys.s                      0x00000000   Number         0  libspace.o ABSOLUTE
    ../clib/angel/sys.s                      0x00000000   Number         0  sys_stackheap_outer.o ABSOLUTE
    ../clib/angel/sys.s                      0x00000000   Number         0  use_no_semi.o ABSOLUTE
    ../clib/angel/sys.s                      0x00000000   Number         0  indicate_semi.o ABSOLUTE
    ../clib/angel/sysapp.c                   0x00000000   Number         0  sys_exit.o ABSOLUTE
    ../clib/angel/sysapp.c                   0x00000000   Number         0  sys_exit_hlt.o ABSOLUTE
    ../clib/angel/sysapp.c                   0x00000000   Number         0  sys_command.o ABSOLUTE
    ../clib/angel/sysapp.c                   0x00000000   Number         0  sys_command_hlt.o ABSOLUTE
    ../clib/angel/sysapp.c                   0x00000000   Number         0  sys_wrch.o ABSOLUTE
    ../clib/angel/sysapp.c                   0x00000000   Number         0  sys_wrch_hlt.o ABSOLUTE
    ../clib/armsys.c                         0x00000000   Number         0  argv_veneer.o ABSOLUTE
    ../clib/armsys.c                         0x00000000   Number         0  argv_veneer.o ABSOLUTE
    ../clib/armsys.c                         0x00000000   Number         0  _get_argv_nomalloc.o ABSOLUTE
    ../clib/armsys.c                         0x00000000   Number         0  no_argv.o ABSOLUTE
    ../clib/fenv.c                           0x00000000   Number         0  _rserrno.o ABSOLUTE
    ../clib/heapalloc.c                      0x00000000   Number         0  hrguard.o ABSOLUTE
    ../clib/heapaux.c                        0x00000000   Number         0  heapauxi.o ABSOLUTE
    ../clib/libinit.s                        0x00000000   Number         0  libinit.o ABSOLUTE
    ../clib/libinit.s                        0x00000000   Number         0  libinit2.o ABSOLUTE
    ../clib/libinit.s                        0x00000000   Number         0  libshutdown.o ABSOLUTE
    ../clib/libinit.s                        0x00000000   Number         0  libshutdown2.o ABSOLUTE
    ../clib/signal.c                         0x00000000   Number         0  defsig_rtmem_outer.o ABSOLUTE
    ../clib/signal.c                         0x00000000   Number         0  defsig_rtmem_formal.o ABSOLUTE
    ../clib/signal.c                         0x00000000   Number         0  defsig_exit.o ABSOLUTE
    ../clib/signal.c                         0x00000000   Number         0  defsig_rtmem_inner.o ABSOLUTE
    ../clib/signal.c                         0x00000000   Number         0  __raise.o ABSOLUTE
    ../clib/signal.c                         0x00000000   Number         0  defsig_general.o ABSOLUTE
    ../clib/signal.c                         0x00000000   Number         0  defsig_abrt_inner.o ABSOLUTE
    ../clib/signal.c                         0x00000000   Number         0  defsig_fpe_inner.o ABSOLUTE
    ../clib/signal.c                         0x00000000   Number         0  defsig_rtred_inner.o ABSOLUTE
    ../clib/signal.c                         0x00000000   Number         0  defsig_stak_inner.o ABSOLUTE
    ../clib/signal.c                         0x00000000   Number         0  defsig_pvfn_inner.o ABSOLUTE
    ../clib/signal.c                         0x00000000   Number         0  defsig_cppl_inner.o ABSOLUTE
    ../clib/signal.c                         0x00000000   Number         0  defsig_segv_inner.o ABSOLUTE
    ../clib/signal.c                         0x00000000   Number         0  defsig_other.o ABSOLUTE
    ../clib/signal.s                         0x00000000   Number         0  defsig.o ABSOLUTE
    ../clib/stdlib.c                         0x00000000   Number         0  exit.o ABSOLUTE
    ../fplib/daddsub.s                       0x00000000   Number         0  daddsub_clz.o ABSOLUTE
    ../fplib/dcheck1.s                       0x00000000   Number         0  dcheck1.o ABSOLUTE
    ../fplib/ddiv.s                          0x00000000   Number         0  ddiv.o ABSOLUTE
    ../fplib/dfix.s                          0x00000000   Number         0  dfix.o ABSOLUTE
    ../fplib/dflt.s                          0x00000000   Number         0  dflt_clz.o ABSOLUTE
    ../fplib/dmul.s                          0x00000000   Number         0  dmul.o ABSOLUTE
    ../fplib/dnaninf.s                       0x00000000   Number         0  dnaninf.o ABSOLUTE
    ../fplib/dretinf.s                       0x00000000   Number         0  dretinf.o ABSOLUTE
    ../fplib/fpinit.s                        0x00000000   Number         0  fpinit.o ABSOLUTE
    ../fplib/fpinit_empty.s                  0x00000000   Number         0  fpinit_empty.o ABSOLUTE
    ../fplib/retnan.s                        0x00000000   Number         0  retnan.o ABSOLUTE
    ../fplib/scalbn.s                        0x00000000   Number         0  scalbn.o ABSOLUTE
    ../fplib/trapv.s                         0x00000000   Number         0  trapv.o ABSOLUTE
    ../fplib/usenofp.s                       0x00000000   Number         0  usenofp.o ABSOLUTE
    ../mathlib/cos.c                         0x00000000   Number         0  cos.o ABSOLUTE
    ../mathlib/cos_i.c                       0x00000000   Number         0  cos_i.o ABSOLUTE
    ../mathlib/dunder.c                      0x00000000   Number         0  dunder.o ABSOLUTE
    ../mathlib/fpclassify.c                  0x00000000   Number         0  fpclassify.o ABSOLUTE
    ../mathlib/poly.c                        0x00000000   Number         0  poly.o ABSOLUTE
    ../mathlib/rred.c                        0x00000000   Number         0  rred.o ABSOLUTE
    ../mathlib/sin.c                         0x00000000   Number         0  sin.o ABSOLUTE
    ../mathlib/sin_i.c                       0x00000000   Number         0  sin_i.o ABSOLUTE
    RTE/Device/STM32F103C8/startup_stm32f10x_md.s 0x00000000   Number         0  startup_stm32f10x_md.o ABSOLUTE
    adc.c                                    0x00000000   Number         0  adc.o ABSOLUTE
    afio.c                                   0x00000000   Number         0  afio.o ABSOLUTE
    clocks.c                                 0x00000000   Number         0  clocks.o ABSOLUTE
    dc.s                                     0x00000000   Number         0  dc.o ABSOLUTE
    exti.c                                   0x00000000   Number         0  exti.o ABSOLUTE
    gpio.c                                   0x00000000   Number         0  gpio.o ABSOLUTE
    gptm.c                                   0x00000000   Number         0  gptm.o ABSOLUTE
    lm358.c                                  0x00000000   Number         0  lm358.o ABSOLUTE
    main.c                                   0x00000000   Number         0  main.o ABSOLUTE
    meas.c                                   0x00000000   Number         0  meas.o ABSOLUTE
    system.c                                 0x00000000   Number         0  system.o ABSOLUTE
    system_stm32f10x.c                       0x00000000   Number         0  system_stm32f10x.o ABSOLUTE
    systick.c                                0x00000000   Number         0  systick.o ABSOLUTE
    RESET                                    0x08000000   Section      236  startup_stm32f10x_md.o(RESET)
    !!!main                                  0x080000ec   Section        8  __main.o(!!!main)
    !!!scatter                               0x080000f4   Section       52  __scatter.o(!!!scatter)
    !!handler_zi                             0x08000128   Section       28  __scatter_zi.o(!!handler_zi)
    .ARM.Collect$$libinit$$00000000          0x08000144   Section        2  libinit.o(.ARM.Collect$$libinit$$00000000)
    .ARM.Collect$$libinit$$00000002          0x08000146   Section        0  libinit2.o(.ARM.Collect$$libinit$$00000002)
    .ARM.Collect$$libinit$$00000004          0x08000146   Section        0  libinit2.o(.ARM.Collect$$libinit$$00000004)
    .ARM.Collect$$libinit$$0000000A          0x08000146   Section        0  libinit2.o(.ARM.Collect$$libinit$$0000000A)
    .ARM.Collect$$libinit$$0000000C          0x08000146   Section        0  libinit2.o(.ARM.Collect$$libinit$$0000000C)
    .ARM.Collect$$libinit$$0000000E          0x08000146   Section        0  libinit2.o(.ARM.Collect$$libinit$$0000000E)
    .ARM.Collect$$libinit$$00000011          0x08000146   Section        0  libinit2.o(.ARM.Collect$$libinit$$00000011)
    .ARM.Collect$$libinit$$00000013          0x08000146   Section        0  libinit2.o(.ARM.Collect$$libinit$$00000013)
    .ARM.Collect$$libinit$$00000015          0x08000146   Section        0  libinit2.o(.ARM.Collect$$libinit$$00000015)
    .ARM.Collect$$libinit$$00000017          0x08000146   Section        0  libinit2.o(.ARM.Collect$$libinit$$00000017)
    .ARM.Collect$$libinit$$00000019          0x08000146   Section        0  libinit2.o(.ARM.Collect$$libinit$$00000019)
    .ARM.Collect$$libinit$$0000001B          0x08000146   Section        0  libinit2.o(.ARM.Collect$$libinit$$0000001B)
    .ARM.Collect$$libinit$$0000001D          0x08000146   Section        0  libinit2.o(.ARM.Collect$$libinit$$0000001D)
    .ARM.Collect$$libinit$$0000001F          0x08000146   Section        0  libinit2.o(.ARM.Collect$$libinit$$0000001F)
    .ARM.Collect$$libinit$$00000021          0x08000146   Section        0  libinit2.o(.ARM.Collect$$libinit$$00000021)
    .ARM.Collect$$libinit$$00000023          0x08000146   Section        0  libinit2.o(.ARM.Collect$$libinit$$00000023)
    .ARM.Collect$$libinit$$00000025          0x08000146   Section        0  libinit2.o(.ARM.Collect$$libinit$$00000025)
    .ARM.Collect$$libinit$$0000002C          0x08000146   Section        0  libinit2.o(.ARM.Collect$$libinit$$0000002C)
    .ARM.Collect$$libinit$$0000002E          0x08000146   Section        0  libinit2.o(.ARM.Collect$$libinit$$0000002E)
    .ARM.Collect$$libinit$$00000030          0x08000146   Section        0  libinit2.o(.ARM.Collect$$libinit$$00000030)
    .ARM.Collect$$libinit$$00000032          0x08000146   Section        0  libinit2.o(.ARM.Collect$$libinit$$00000032)
    .ARM.Collect$$libinit$$00000033          0x08000146   Section        2  libinit2.o(.ARM.Collect$$libinit$$00000033)
    .ARM.Collect$$libshutdown$$00000000      0x08000148   Section        2  libshutdown.o(.ARM.Collect$$libshutdown$$00000000)
    .ARM.Collect$$libshutdown$$00000002      0x0800014a   Section        0  libshutdown2.o(.ARM.Collect$$libshutdown$$00000002)
    .ARM.Collect$$libshutdown$$00000004      0x0800014a   Section        0  libshutdown2.o(.ARM.Collect$$libshutdown$$00000004)
    .ARM.Collect$$libshutdown$$00000007      0x0800014a   Section        0  libshutdown2.o(.ARM.Collect$$libshutdown$$00000007)
    .ARM.Collect$$libshutdown$$0000000A      0x0800014a   Section        0  libshutdown2.o(.ARM.Collect$$libshutdown$$0000000A)
    .ARM.Collect$$libshutdown$$0000000C      0x0800014a   Section        0  libshutdown2.o(.ARM.Collect$$libshutdown$$0000000C)
    .ARM.Collect$$libshutdown$$0000000F      0x0800014a   Section        0  libshutdown2.o(.ARM.Collect$$libshutdown$$0000000F)
    .ARM.Collect$$libshutdown$$00000010      0x0800014a   Section        2  libshutdown2.o(.ARM.Collect$$libshutdown$$00000010)
    .ARM.Collect$$rtentry$$00000000          0x0800014c   Section        0  __rtentry.o(.ARM.Collect$$rtentry$$00000000)
    .ARM.Collect$$rtentry$$00000002          0x0800014c   Section        0  __rtentry2.o(.ARM.Collect$$rtentry$$00000002)
    .ARM.Collect$$rtentry$$00000004          0x0800014c   Section        6  __rtentry4.o(.ARM.Collect$$rtentry$$00000004)
    .ARM.Collect$$rtentry$$00000009          0x08000152   Section        0  __rtentry2.o(.ARM.Collect$$rtentry$$00000009)
    .ARM.Collect$$rtentry$$0000000A          0x08000152   Section        4  __rtentry2.o(.ARM.Collect$$rtentry$$0000000A)
    .ARM.Collect$$rtentry$$0000000C          0x08000156   Section        0  __rtentry2.o(.ARM.Collect$$rtentry$$0000000C)
    .ARM.Collect$$rtentry$$0000000D          0x08000156   Section        8  __rtentry2.o(.ARM.Collect$$rtentry$$0000000D)
    .ARM.Collect$$rtexit$$00000000           0x0800015e   Section        2  rtexit.o(.ARM.Collect$$rtexit$$00000000)
    .ARM.Collect$$rtexit$$00000002           0x08000160   Section        0  rtexit2.o(.ARM.Collect$$rtexit$$00000002)
    .ARM.Collect$$rtexit$$00000003           0x08000160   Section        4  rtexit2.o(.ARM.Collect$$rtexit$$00000003)
    .ARM.Collect$$rtexit$$00000004           0x08000164   Section        6  rtexit2.o(.ARM.Collect$$rtexit$$00000004)
    .text                                    0x0800016c   Section       64  startup_stm32f10x_md.o(.text)
    .text                                    0x080001ac   Section        0  heapauxi.o(.text)
    .text                                    0x080001b2   Section        0  _rserrno.o(.text)
    .text                                    0x080001c8   Section        8  rt_errno_addr_intlibspace.o(.text)
    .text                                    0x080001d0   Section        8  libspace.o(.text)
    .text                                    0x080001d8   Section       74  sys_stackheap_outer.o(.text)
    .text                                    0x08000222   Section        0  exit.o(.text)
    .text                                    0x08000234   Section        0  sys_exit.o(.text)
    .text                                    0x08000240   Section        2  use_no_semi.o(.text)
    .text                                    0x08000242   Section        0  indicate_semi.o(.text)
    [Anonymous Symbol]                       0x08000244   Section        0  adc.o(.text.ADC_Read)
    [Anonymous Symbol]                       0x08000250   Section        0  adc.o(.text.ADC_Single_Conv_Init)
    [Anonymous Symbol]                       0x08000278   Section        0  afio.o(.text.AFIO_Init)
    [Anonymous Symbol]                       0x080002b0   Section        0  clocks.o(.text.Clocks_Init)
    [Anonymous Symbol]                       0x08000300   Section        0  exti.o(.text.EXTI0_IRQHandler)
    [Anonymous Symbol]                       0x08000338   Section        0  exti.o(.text.EXTI4_IRQHandler)
    [Anonymous Symbol]                       0x08000374   Section        0  exti.o(.text.EXTI_Get_Current_Count_Value)
    [Anonymous Symbol]                       0x08000384   Section        0  exti.o(.text.EXTI_Get_Flag_Status)
    [Anonymous Symbol]                       0x08000390   Section        0  exti.o(.text.EXTI_Get_Voltage_Count_Value)
    [Anonymous Symbol]                       0x080003a0   Section        0  exti.o(.text.EXTI_Init)
    [Anonymous Symbol]                       0x080003c8   Section        0  exti.o(.text.EXTI_Set_Flag_Status)
    [Anonymous Symbol]                       0x080003d4   Section        0  gpio.o(.text.GPIO_Input_Init)
    [Anonymous Symbol]                       0x08000400   Section        0  gpio.o(.text.GPIO_Reset)
    SetSysClock                              0x08000465   Thumb Code     8  system_stm32f10x.o(.text.SetSysClock)
    [Anonymous Symbol]                       0x08000464   Section        0  system_stm32f10x.o(.text.SetSysClock)
    SetSysClockTo72                          0x0800046d   Thumb Code   190  system_stm32f10x.o(.text.SetSysClockTo72)
    [Anonymous Symbol]                       0x0800046c   Section        0  system_stm32f10x.o(.text.SetSysClockTo72)
    [Anonymous Symbol]                       0x0800052c   Section        0  systick.o(.text.SysTick_DelayMs)
    [Anonymous Symbol]                       0x08000544   Section        0  systick.o(.text.SysTick_GetTick)
    [Anonymous Symbol]                       0x08000550   Section        0  systick.o(.text.SysTick_Handler)
    [Anonymous Symbol]                       0x08000560   Section        0  systick.o(.text.SysTick_Init)
    [Anonymous Symbol]                       0x0800057c   Section        0  system_stm32f10x.o(.text.SystemInit)
    [Anonymous Symbol]                       0x080005d4   Section        0  system.o(.text.System_Init)
    [Anonymous Symbol]                       0x080005ec   Section        0  system.o(.text.System_TimerDelayMs)
    __NVIC_EnableIRQ                         0x080005f5   Thumb Code    22  lm358.o(.text.__NVIC_EnableIRQ)
    [Anonymous Symbol]                       0x080005f4   Section        0  lm358.o(.text.__NVIC_EnableIRQ)
    [Anonymous Symbol]                       0x0800060c   Section        0  lm358.o(.text.current_Init)
    [Anonymous Symbol]                       0x08000648   Section        0  meas.o(.text.getCurrent)
    getMaximumValue                          0x080006b5   Thumb Code    26  meas.o(.text.getMaximumValue)
    [Anonymous Symbol]                       0x080006b4   Section        0  meas.o(.text.getMaximumValue)
    [Anonymous Symbol]                       0x080006d0   Section        0  meas.o(.text.getVoltage)
    [Anonymous Symbol]                       0x08000738   Section        0  lm358.o(.text.get_Current_Timer_Value)
    [Anonymous Symbol]                       0x08000740   Section        0  lm358.o(.text.get_Flag_Status)
    [Anonymous Symbol]                       0x08000748   Section        0  lm358.o(.text.get_Voltage_Timer_Value)
    [Anonymous Symbol]                       0x08000750   Section        0  main.o(.text.main)
    [Anonymous Symbol]                       0x0800087c   Section        0  lm358.o(.text.reset_Flag_Status)
    store_ADC_Current                        0x08000889   Thumb Code    32  meas.o(.text.store_ADC_Current)
    [Anonymous Symbol]                       0x08000888   Section        0  meas.o(.text.store_ADC_Current)
    store_ADC_Voltage                        0x080008a9   Thumb Code    32  meas.o(.text.store_ADC_Voltage)
    [Anonymous Symbol]                       0x080008a8   Section        0  meas.o(.text.store_ADC_Voltage)
    [Anonymous Symbol]                       0x080008c8   Section        0  meas.o(.text.voltage_CurrentMeasurement_Init)
    [Anonymous Symbol]                       0x080008ec   Section        0  lm358.o(.text.voltage_Init)
    i.__ARM_fpclassify                       0x08000924   Section        0  fpclassify.o(i.__ARM_fpclassify)
    i.__ieee754_rem_pio2                     0x0800094c   Section        0  rred.o(i.__ieee754_rem_pio2)
    i.__kernel_cos                           0x08000cd4   Section        0  cos_i.o(i.__kernel_cos)
    i.__kernel_poly                          0x08000dd0   Section        0  poly.o(i.__kernel_poly)
    i.__kernel_sin                           0x08000e7c   Section        0  sin_i.o(i.__kernel_sin)
    i.__mathlib_dbl_infnan                   0x08000f68   Section        0  dunder.o(i.__mathlib_dbl_infnan)
    i.__mathlib_dbl_invalid                  0x08000f6e   Section        0  dunder.o(i.__mathlib_dbl_invalid)
    i.__mathlib_dbl_underflow                0x08000f7c   Section        0  dunder.o(i.__mathlib_dbl_underflow)
    i.cos                                    0x08000f8c   Section        0  cos.o(i.cos)
    i.sin                                    0x08001028   Section        0  sin.o(i.sin)
    x$fpl$dadd                               0x080010c8   Section      336  daddsub_clz.o(x$fpl$dadd)
    _dadd1                                   0x080010d9   Thumb Code     0  daddsub_clz.o(x$fpl$dadd)
    x$fpl$dcheck1                            0x08001218   Section       16  dcheck1.o(x$fpl$dcheck1)
    x$fpl$ddiv                               0x08001228   Section      692  ddiv.o(x$fpl$ddiv)
    ddiv_entry                               0x0800122f   Thumb Code     0  ddiv.o(x$fpl$ddiv)
    x$fpl$dfix                               0x080014dc   Section       94  dfix.o(x$fpl$dfix)
    x$fpl$dflt                               0x0800153a   Section       46  dflt_clz.o(x$fpl$dflt)
    x$fpl$dfltu                              0x08001568   Section       38  dflt_clz.o(x$fpl$dfltu)
    x$fpl$dmul                               0x08001590   Section      340  dmul.o(x$fpl$dmul)
    x$fpl$dnaninf                            0x080016e4   Section      156  dnaninf.o(x$fpl$dnaninf)
    x$fpl$dretinf                            0x08001780   Section       12  dretinf.o(x$fpl$dretinf)
    x$fpl$drsb                               0x0800178c   Section       22  daddsub_clz.o(x$fpl$drsb)
    x$fpl$dsub                               0x080017a4   Section      476  daddsub_clz.o(x$fpl$dsub)
    _dsub1                                   0x080017b5   Thumb Code     0  daddsub_clz.o(x$fpl$dsub)
    x$fpl$retnan                             0x08001980   Section      100  retnan.o(x$fpl$retnan)
    x$fpl$scalbn                             0x080019e4   Section       92  scalbn.o(x$fpl$scalbn)
    x$fpl$trapveneer                         0x08001a40   Section       48  trapv.o(x$fpl$trapveneer)
    C                                        0x08001a70   Data          48  cos_i.o(.constdata)
    .constdata                               0x08001a70   Section       48  cos_i.o(.constdata)
    x$fpl$usenofp                            0x08001a70   Section        0  usenofp.o(x$fpl$usenofp)
    pio2s                                    0x08001aa0   Data          48  rred.o(.constdata)
    .constdata                               0x08001aa0   Section      204  rred.o(.constdata)
    twooverpi                                0x08001ad0   Data         156  rred.o(.constdata)
    S                                        0x08001b70   Data          40  sin_i.o(.constdata)
    .constdata                               0x08001b70   Section       40  sin_i.o(.constdata)
    .bss                                     0x20000000   Section       96  libspace.o(.bss)
    count_c                                  0x20001fa8   Data           4  exti.o(.bss.count_c)
    [Anonymous Symbol]                       0x20001fa8   Section        0  exti.o(.bss.count_c)
    count_v                                  0x20001fac   Data           4  exti.o(.bss.count_v)
    [Anonymous Symbol]                       0x20001fac   Section        0  exti.o(.bss.count_v)
    flag                                     0x20001fb0   Data           1  exti.o(.bss.flag)
    [Anonymous Symbol]                       0x20001fb0   Section        0  exti.o(.bss.flag)
    numberOfTicks                            0x20001fb4   Data           4  systick.o(.bss.numberOfTicks)
    [Anonymous Symbol]                       0x20001fb4   Section        0  systick.o(.bss.numberOfTicks)
    old                                      0x20001fb8   Data           8  main.o(.bss.old)
    [Anonymous Symbol]                       0x20001fb8   Section        0  main.o(.bss.old)
    Heap_Mem                                 0x20001ff8   Data         512  startup_stm32f10x_md.o(HEAP)
    HEAP                                     0x20001ff8   Section      512  startup_stm32f10x_md.o(HEAP)
    Stack_Mem                                0x200021f8   Data        1024  startup_stm32f10x_md.o(STACK)
    STACK                                    0x200021f8   Section     1024  startup_stm32f10x_md.o(STACK)
    __initial_sp                             0x200025f8   Data           0  startup_stm32f10x_md.o(STACK)

    Global Symbols

    Symbol Name                              Value     Ov Type        Size  Object(Section)

    BuildAttributes$$THM_ISAv4$P$D$K$B$S$PE$A:L22UL41UL21$X:L11$S22US41US21$IEEE1$IW$~IW$USESV6$~STKCKD$USESV7$~SHL$OTIME$ROPI$IEEEX$EBA8$UX$STANDARDLIB$REQ8$PRES8$EABIv2 0x00000000   Number         0  anon$$obj.o ABSOLUTE
    __fp_init_empty                          0x00000000   Number         0  fpinit_empty.o ABSOLUTE
    __ARM_exceptions_init                     - Undefined Weak Reference
    __alloca_initialize                       - Undefined Weak Reference
    __arm_preinit_                            - Undefined Weak Reference
    __cpp_initialize__aeabi_                  - Undefined Weak Reference
    __cxa_finalize                            - Undefined Weak Reference
    __rt_locale                               - Undefined Weak Reference
    __sigvec_lookup                           - Undefined Weak Reference
    _atexit_init                              - Undefined Weak Reference
    _call_atexit_fns                          - Undefined Weak Reference
    _clock_init                               - Undefined Weak Reference
    _fp_trap_init                             - Undefined Weak Reference
    _fp_trap_shutdown                         - Undefined Weak Reference
    _get_lc_collate                           - Undefined Weak Reference
    _get_lc_ctype                             - Undefined Weak Reference
    _get_lc_monetary                          - Undefined Weak Reference
    _get_lc_numeric                           - Undefined Weak Reference
    _get_lc_time                              - Undefined Weak Reference
    _getenv_init                              - Undefined Weak Reference
    _handle_redirection                       - Undefined Weak Reference
    _init_alloc                               - Undefined Weak Reference
    _init_user_alloc                          - Undefined Weak Reference
    _initio                                   - Undefined Weak Reference
    _rand_init                                - Undefined Weak Reference
    _signal_finish                            - Undefined Weak Reference
    _signal_init                              - Undefined Weak Reference
    _terminate_alloc                          - Undefined Weak Reference
    _terminate_user_alloc                     - Undefined Weak Reference
    _terminateio                              - Undefined Weak Reference
    __Vectors_Size                           0x000000ec   Number         0  startup_stm32f10x_md.o ABSOLUTE
    __Vectors                                0x08000000   Data           4  startup_stm32f10x_md.o(RESET)
    __Vectors_End                            0x080000ec   Data           0  startup_stm32f10x_md.o(RESET)
    __main                                   0x080000ed   Thumb Code     8  __main.o(!!!main)
    __scatterload                            0x080000f5   Thumb Code     0  __scatter.o(!!!scatter)
    __scatterload_rt2                        0x080000f5   Thumb Code    44  __scatter.o(!!!scatter)
    __scatterload_rt2_thumb_only             0x080000f5   Thumb Code     0  __scatter.o(!!!scatter)
    __scatterload_null                       0x08000103   Thumb Code     0  __scatter.o(!!!scatter)
    __scatterload_zeroinit                   0x08000129   Thumb Code    28  __scatter_zi.o(!!handler_zi)
    __rt_lib_init                            0x08000145   Thumb Code     0  libinit.o(.ARM.Collect$$libinit$$00000000)
    __rt_lib_init_alloca_1                   0x08000147   Thumb Code     0  libinit2.o(.ARM.Collect$$libinit$$0000002E)
    __rt_lib_init_argv_1                     0x08000147   Thumb Code     0  libinit2.o(.ARM.Collect$$libinit$$0000002C)
    __rt_lib_init_atexit_1                   0x08000147   Thumb Code     0  libinit2.o(.ARM.Collect$$libinit$$0000001B)
    __rt_lib_init_clock_1                    0x08000147   Thumb Code     0  libinit2.o(.ARM.Collect$$libinit$$00000021)
    __rt_lib_init_cpp_1                      0x08000147   Thumb Code     0  libinit2.o(.ARM.Collect$$libinit$$00000032)
    __rt_lib_init_exceptions_1               0x08000147   Thumb Code     0  libinit2.o(.ARM.Collect$$libinit$$00000030)
    __rt_lib_init_fp_1                       0x08000147   Thumb Code     0  libinit2.o(.ARM.Collect$$libinit$$00000002)
    __rt_lib_init_fp_trap_1                  0x08000147   Thumb Code     0  libinit2.o(.ARM.Collect$$libinit$$0000001F)
    __rt_lib_init_getenv_1                   0x08000147   Thumb Code     0  libinit2.o(.ARM.Collect$$libinit$$00000023)
    __rt_lib_init_heap_1                     0x08000147   Thumb Code     0  libinit2.o(.ARM.Collect$$libinit$$0000000A)
    __rt_lib_init_lc_collate_1               0x08000147   Thumb Code     0  libinit2.o(.ARM.Collect$$libinit$$00000011)
    __rt_lib_init_lc_ctype_1                 0x08000147   Thumb Code     0  libinit2.o(.ARM.Collect$$libinit$$00000013)
    __rt_lib_init_lc_monetary_1              0x08000147   Thumb Code     0  libinit2.o(.ARM.Collect$$libinit$$00000015)
    __rt_lib_init_lc_numeric_1               0x08000147   Thumb Code     0  libinit2.o(.ARM.Collect$$libinit$$00000017)
    __rt_lib_init_lc_time_1                  0x08000147   Thumb Code     0  libinit2.o(.ARM.Collect$$libinit$$00000019)
    __rt_lib_init_preinit_1                  0x08000147   Thumb Code     0  libinit2.o(.ARM.Collect$$libinit$$00000004)
    __rt_lib_init_rand_1                     0x08000147   Thumb Code     0  libinit2.o(.ARM.Collect$$libinit$$0000000E)
    __rt_lib_init_return                     0x08000147   Thumb Code     0  libinit2.o(.ARM.Collect$$libinit$$00000033)
    __rt_lib_init_signal_1                   0x08000147   Thumb Code     0  libinit2.o(.ARM.Collect$$libinit$$0000001D)
    __rt_lib_init_stdio_1                    0x08000147   Thumb Code     0  libinit2.o(.ARM.Collect$$libinit$$00000025)
    __rt_lib_init_user_alloc_1               0x08000147   Thumb Code     0  libinit2.o(.ARM.Collect$$libinit$$0000000C)
    __rt_lib_shutdown                        0x08000149   Thumb Code     0  libshutdown.o(.ARM.Collect$$libshutdown$$00000000)
    __rt_lib_shutdown_cpp_1                  0x0800014b   Thumb Code     0  libshutdown2.o(.ARM.Collect$$libshutdown$$00000002)
    __rt_lib_shutdown_fp_trap_1              0x0800014b   Thumb Code     0  libshutdown2.o(.ARM.Collect$$libshutdown$$00000007)
    __rt_lib_shutdown_heap_1                 0x0800014b   Thumb Code     0  libshutdown2.o(.ARM.Collect$$libshutdown$$0000000F)
    __rt_lib_shutdown_return                 0x0800014b   Thumb Code     0  libshutdown2.o(.ARM.Collect$$libshutdown$$00000010)
    __rt_lib_shutdown_signal_1               0x0800014b   Thumb Code     0  libshutdown2.o(.ARM.Collect$$libshutdown$$0000000A)
    __rt_lib_shutdown_stdio_1                0x0800014b   Thumb Code     0  libshutdown2.o(.ARM.Collect$$libshutdown$$00000004)
    __rt_lib_shutdown_user_alloc_1           0x0800014b   Thumb Code     0  libshutdown2.o(.ARM.Collect$$libshutdown$$0000000C)
    __rt_entry                               0x0800014d   Thumb Code     0  __rtentry.o(.ARM.Collect$$rtentry$$00000000)
    __rt_entry_presh_1                       0x0800014d   Thumb Code     0  __rtentry2.o(.ARM.Collect$$rtentry$$00000002)
    __rt_entry_sh                            0x0800014d   Thumb Code     0  __rtentry4.o(.ARM.Collect$$rtentry$$00000004)
    __rt_entry_li                            0x08000153   Thumb Code     0  __rtentry2.o(.ARM.Collect$$rtentry$$0000000A)
    __rt_entry_postsh_1                      0x08000153   Thumb Code     0  __rtentry2.o(.ARM.Collect$$rtentry$$00000009)
    __rt_entry_main                          0x08000157   Thumb Code     0  __rtentry2.o(.ARM.Collect$$rtentry$$0000000D)
    __rt_entry_postli_1                      0x08000157   Thumb Code     0  __rtentry2.o(.ARM.Collect$$rtentry$$0000000C)
    __rt_exit                                0x0800015f   Thumb Code     0  rtexit.o(.ARM.Collect$$rtexit$$00000000)
    __rt_exit_ls                             0x08000161   Thumb Code     0  rtexit2.o(.ARM.Collect$$rtexit$$00000003)
    __rt_exit_prels_1                        0x08000161   Thumb Code     0  rtexit2.o(.ARM.Collect$$rtexit$$00000002)
    __rt_exit_exit                           0x08000165   Thumb Code     0  rtexit2.o(.ARM.Collect$$rtexit$$00000004)
    Reset_Handler                            0x0800016d   Thumb Code     8  startup_stm32f10x_md.o(.text)
    NMI_Handler                              0x08000175   Thumb Code     2  startup_stm32f10x_md.o(.text)
    HardFault_Handler                        0x08000177   Thumb Code     2  startup_stm32f10x_md.o(.text)
    MemManage_Handler                        0x08000179   Thumb Code     2  startup_stm32f10x_md.o(.text)
    BusFault_Handler                         0x0800017b   Thumb Code     2  startup_stm32f10x_md.o(.text)
    UsageFault_Handler                       0x0800017d   Thumb Code     2  startup_stm32f10x_md.o(.text)
    SVC_Handler                              0x0800017f   Thumb Code     2  startup_stm32f10x_md.o(.text)
    DebugMon_Handler                         0x08000181   Thumb Code     2  startup_stm32f10x_md.o(.text)
    PendSV_Handler                           0x08000183   Thumb Code     2  startup_stm32f10x_md.o(.text)
    ADC1_2_IRQHandler                        0x08000187   Thumb Code     0  startup_stm32f10x_md.o(.text)
    CAN1_RX1_IRQHandler                      0x08000187   Thumb Code     0  startup_stm32f10x_md.o(.text)
    CAN1_SCE_IRQHandler                      0x08000187   Thumb Code     0  startup_stm32f10x_md.o(.text)
    DMA1_Channel1_IRQHandler                 0x08000187   Thumb Code     0  startup_stm32f10x_md.o(.text)
    DMA1_Channel2_IRQHandler                 0x08000187   Thumb Code     0  startup_stm32f10x_md.o(.text)
    DMA1_Channel3_IRQHandler                 0x08000187   Thumb Code     0  startup_stm32f10x_md.o(.text)
    DMA1_Channel4_IRQHandler                 0x08000187   Thumb Code     0  startup_stm32f10x_md.o(.text)
    DMA1_Channel5_IRQHandler                 0x08000187   Thumb Code     0  startup_stm32f10x_md.o(.text)
    DMA1_Channel6_IRQHandler                 0x08000187   Thumb Code     0  startup_stm32f10x_md.o(.text)
    DMA1_Channel7_IRQHandler                 0x08000187   Thumb Code     0  startup_stm32f10x_md.o(.text)
    EXTI15_10_IRQHandler                     0x08000187   Thumb Code     0  startup_stm32f10x_md.o(.text)
    EXTI1_IRQHandler                         0x08000187   Thumb Code     0  startup_stm32f10x_md.o(.text)
    EXTI2_IRQHandler                         0x08000187   Thumb Code     0  startup_stm32f10x_md.o(.text)
    EXTI3_IRQHandler                         0x08000187   Thumb Code     0  startup_stm32f10x_md.o(.text)
    EXTI9_5_IRQHandler                       0x08000187   Thumb Code     0  startup_stm32f10x_md.o(.text)
    FLASH_IRQHandler                         0x08000187   Thumb Code     0  startup_stm32f10x_md.o(.text)
    I2C1_ER_IRQHandler                       0x08000187   Thumb Code     0  startup_stm32f10x_md.o(.text)
    I2C1_EV_IRQHandler                       0x08000187   Thumb Code     0  startup_stm32f10x_md.o(.text)
    I2C2_ER_IRQHandler                       0x08000187   Thumb Code     0  startup_stm32f10x_md.o(.text)
    I2C2_EV_IRQHandler                       0x08000187   Thumb Code     0  startup_stm32f10x_md.o(.text)
    PVD_IRQHandler                           0x08000187   Thumb Code     0  startup_stm32f10x_md.o(.text)
    RCC_IRQHandler                           0x08000187   Thumb Code     0  startup_stm32f10x_md.o(.text)
    RTCAlarm_IRQHandler                      0x08000187   Thumb Code     0  startup_stm32f10x_md.o(.text)
    RTC_IRQHandler                           0x08000187   Thumb Code     0  startup_stm32f10x_md.o(.text)
    SPI1_IRQHandler                          0x08000187   Thumb Code     0  startup_stm32f10x_md.o(.text)
    SPI2_IRQHandler                          0x08000187   Thumb Code     0  startup_stm32f10x_md.o(.text)
    TAMPER_IRQHandler                        0x08000187   Thumb Code     0  startup_stm32f10x_md.o(.text)
    TIM1_BRK_IRQHandler                      0x08000187   Thumb Code     0  startup_stm32f10x_md.o(.text)
    TIM1_CC_IRQHandler                       0x08000187   Thumb Code     0  startup_stm32f10x_md.o(.text)
    TIM1_TRG_COM_IRQHandler                  0x08000187   Thumb Code     0  startup_stm32f10x_md.o(.text)
    TIM1_UP_IRQHandler                       0x08000187   Thumb Code     0  startup_stm32f10x_md.o(.text)
    TIM2_IRQHandler                          0x08000187   Thumb Code     0  startup_stm32f10x_md.o(.text)
    TIM3_IRQHandler                          0x08000187   Thumb Code     0  startup_stm32f10x_md.o(.text)
    TIM4_IRQHandler                          0x08000187   Thumb Code     0  startup_stm32f10x_md.o(.text)
    USART1_IRQHandler                        0x08000187   Thumb Code     0  startup_stm32f10x_md.o(.text)
    USART2_IRQHandler                        0x08000187   Thumb Code     0  startup_stm32f10x_md.o(.text)
    USART3_IRQHandler                        0x08000187   Thumb Code     0  startup_stm32f10x_md.o(.text)
    USBWakeUp_IRQHandler                     0x08000187   Thumb Code     0  startup_stm32f10x_md.o(.text)
    USB_HP_CAN1_TX_IRQHandler                0x08000187   Thumb Code     0  startup_stm32f10x_md.o(.text)
    USB_LP_CAN1_RX0_IRQHandler               0x08000187   Thumb Code     0  startup_stm32f10x_md.o(.text)
    WWDG_IRQHandler                          0x08000187   Thumb Code     0  startup_stm32f10x_md.o(.text)
    __user_initial_stackheap                 0x08000189   Thumb Code     0  startup_stm32f10x_md.o(.text)
    __use_two_region_memory                  0x080001ad   Thumb Code     2  heapauxi.o(.text)
    __rt_heap_escrow$2region                 0x080001af   Thumb Code     2  heapauxi.o(.text)
    __rt_heap_expand$2region                 0x080001b1   Thumb Code     2  heapauxi.o(.text)
    __read_errno                             0x080001b3   Thumb Code    10  _rserrno.o(.text)
    __set_errno                              0x080001bd   Thumb Code    12  _rserrno.o(.text)
    __aeabi_errno_addr                       0x080001c9   Thumb Code     8  rt_errno_addr_intlibspace.o(.text)
    __errno$intlibspace                      0x080001c9   Thumb Code     0  rt_errno_addr_intlibspace.o(.text)
    __rt_errno_addr$intlibspace              0x080001c9   Thumb Code     0  rt_errno_addr_intlibspace.o(.text)
    __user_libspace                          0x080001d1   Thumb Code     8  libspace.o(.text)
    __user_perproc_libspace                  0x080001d1   Thumb Code     0  libspace.o(.text)
    __user_perthread_libspace                0x080001d1   Thumb Code     0  libspace.o(.text)
    __user_setup_stackheap                   0x080001d9   Thumb Code    74  sys_stackheap_outer.o(.text)
    exit                                     0x08000223   Thumb Code    18  exit.o(.text)
    _sys_exit                                0x08000235   Thumb Code     8  sys_exit.o(.text)
    __I$use$semihosting                      0x08000241   Thumb Code     0  use_no_semi.o(.text)
    __use_no_semihosting_swi                 0x08000241   Thumb Code     2  use_no_semi.o(.text)
    __semihosting_library_function           0x08000243   Thumb Code     0  indicate_semi.o(.text)
    ADC_Read                                 0x08000245   Thumb Code    12  adc.o(.text.ADC_Read)
    ADC_Single_Conv_Init                     0x08000251   Thumb Code    40  adc.o(.text.ADC_Single_Conv_Init)
    AFIO_Init                                0x08000279   Thumb Code    56  afio.o(.text.AFIO_Init)
    Clocks_Init                              0x080002b1   Thumb Code    78  clocks.o(.text.Clocks_Init)
    EXTI0_IRQHandler                         0x08000301   Thumb Code    56  exti.o(.text.EXTI0_IRQHandler)
    EXTI4_IRQHandler                         0x08000339   Thumb Code    60  exti.o(.text.EXTI4_IRQHandler)
    EXTI_Get_Current_Count_Value             0x08000375   Thumb Code    14  exti.o(.text.EXTI_Get_Current_Count_Value)
    EXTI_Get_Flag_Status                     0x08000385   Thumb Code    12  exti.o(.text.EXTI_Get_Flag_Status)
    EXTI_Get_Voltage_Count_Value             0x08000391   Thumb Code    14  exti.o(.text.EXTI_Get_Voltage_Count_Value)
    EXTI_Init                                0x080003a1   Thumb Code    40  exti.o(.text.EXTI_Init)
    EXTI_Set_Flag_Status                     0x080003c9   Thumb Code    12  exti.o(.text.EXTI_Set_Flag_Status)
    GPIO_Input_Init                          0x080003d5   Thumb Code    44  gpio.o(.text.GPIO_Input_Init)
    GPIO_Reset                               0x08000401   Thumb Code    98  gpio.o(.text.GPIO_Reset)
    SysTick_DelayMs                          0x0800052d   Thumb Code    22  systick.o(.text.SysTick_DelayMs)
    SysTick_GetTick                          0x08000545   Thumb Code    12  systick.o(.text.SysTick_GetTick)
    SysTick_Handler                          0x08000551   Thumb Code    16  systick.o(.text.SysTick_Handler)
    SysTick_Init                             0x08000561   Thumb Code    28  systick.o(.text.SysTick_Init)
    SystemInit                               0x0800057d   Thumb Code    86  system_stm32f10x.o(.text.SystemInit)
    System_Init                              0x080005d5   Thumb Code    24  system.o(.text.System_Init)
    System_TimerDelayMs                      0x080005ed   Thumb Code     8  system.o(.text.System_TimerDelayMs)
    current_Init                             0x0800060d   Thumb Code    58  lm358.o(.text.current_Init)
    getCurrent                               0x08000649   Thumb Code   108  meas.o(.text.getCurrent)
    getVoltage                               0x080006d1   Thumb Code   104  meas.o(.text.getVoltage)
    get_Current_Timer_Value                  0x08000739   Thumb Code     8  lm358.o(.text.get_Current_Timer_Value)
    get_Flag_Status                          0x08000741   Thumb Code     8  lm358.o(.text.get_Flag_Status)
    get_Voltage_Timer_Value                  0x08000749   Thumb Code     8  lm358.o(.text.get_Voltage_Timer_Value)
    main                                     0x08000751   Thumb Code   300  main.o(.text.main)
    reset_Flag_Status                        0x0800087d   Thumb Code    10  lm358.o(.text.reset_Flag_Status)
    voltage_CurrentMeasurement_Init          0x080008c9   Thumb Code    36  meas.o(.text.voltage_CurrentMeasurement_Init)
    voltage_Init                             0x080008ed   Thumb Code    56  lm358.o(.text.voltage_Init)
    __ARM_fpclassify                         0x08000925   Thumb Code    40  fpclassify.o(i.__ARM_fpclassify)
    __ieee754_rem_pio2                       0x0800094d   Thumb Code   828  rred.o(i.__ieee754_rem_pio2)
    __kernel_cos                             0x08000cd5   Thumb Code   230  cos_i.o(i.__kernel_cos)
    __kernel_poly                            0x08000dd1   Thumb Code   170  poly.o(i.__kernel_poly)
    __kernel_sin                             0x08000e7d   Thumb Code   224  sin_i.o(i.__kernel_sin)
    __mathlib_dbl_infnan                     0x08000f69   Thumb Code     6  dunder.o(i.__mathlib_dbl_infnan)
    __mathlib_dbl_invalid                    0x08000f6f   Thumb Code    12  dunder.o(i.__mathlib_dbl_invalid)
    __mathlib_dbl_underflow                  0x08000f7d   Thumb Code    10  dunder.o(i.__mathlib_dbl_underflow)
    cos                                      0x08000f8d   Thumb Code   148  cos.o(i.cos)
    sin                                      0x08001029   Thumb Code   150  sin.o(i.sin)
    __aeabi_dadd                             0x080010c9   Thumb Code     0  daddsub_clz.o(x$fpl$dadd)
    _dadd                                    0x080010c9   Thumb Code   332  daddsub_clz.o(x$fpl$dadd)
    __fpl_dcheck_NaN1                        0x08001219   Thumb Code    10  dcheck1.o(x$fpl$dcheck1)
    __aeabi_ddiv                             0x08001229   Thumb Code     0  ddiv.o(x$fpl$ddiv)
    _ddiv                                    0x08001229   Thumb Code   556  ddiv.o(x$fpl$ddiv)
    __aeabi_d2iz                             0x080014dd   Thumb Code     0  dfix.o(x$fpl$dfix)
    _dfix                                    0x080014dd   Thumb Code    94  dfix.o(x$fpl$dfix)
    __aeabi_i2d                              0x0800153b   Thumb Code     0  dflt_clz.o(x$fpl$dflt)
    _dflt                                    0x0800153b   Thumb Code    46  dflt_clz.o(x$fpl$dflt)
    __aeabi_ui2d                             0x08001569   Thumb Code     0  dflt_clz.o(x$fpl$dfltu)
    _dfltu                                   0x08001569   Thumb Code    38  dflt_clz.o(x$fpl$dfltu)
    __aeabi_dmul                             0x08001591   Thumb Code     0  dmul.o(x$fpl$dmul)
    _dmul                                    0x08001591   Thumb Code   332  dmul.o(x$fpl$dmul)
    __fpl_dnaninf                            0x080016e5   Thumb Code   156  dnaninf.o(x$fpl$dnaninf)
    __fpl_dretinf                            0x08001781   Thumb Code    12  dretinf.o(x$fpl$dretinf)
    __aeabi_drsub                            0x0800178d   Thumb Code     0  daddsub_clz.o(x$fpl$drsb)
    _drsb                                    0x0800178d   Thumb Code    22  daddsub_clz.o(x$fpl$drsb)
    __aeabi_dsub                             0x080017a5   Thumb Code     0  daddsub_clz.o(x$fpl$dsub)
    _dsub                                    0x080017a5   Thumb Code   472  daddsub_clz.o(x$fpl$dsub)
    __fpl_return_NaN                         0x08001981   Thumb Code   100  retnan.o(x$fpl$retnan)
    __ARM_scalbn                             0x080019e5   Thumb Code    92  scalbn.o(x$fpl$scalbn)
    __fpl_cmpreturn                          0x08001a41   Thumb Code    48  trapv.o(x$fpl$trapveneer)
    __I$use$fp                               0x08001a70   Number         0  usenofp.o(x$fpl$usenofp)
    Region$$Table$$Base                      0x08001b98   Number         0  anon$$obj.o(Region$$Table)
    Region$$Table$$Limit                     0x08001ba8   Number         0  anon$$obj.o(Region$$Table)
    __libspace_start                         0x20000000   Data          96  libspace.o(.bss)
    __temporary_stack_top$libspace           0x20000060   Data           0  libspace.o(.bss)
    adcCurrent                               0x20000060   Data        4000  main.o(.bss.adcCurrent)
    adcVoltage                               0x20001000   Data        4000  main.o(.bss.adcVoltage)
    count1                                   0x20001fa0   Data           4  main.o(.bss.count1)
    count2                                   0x20001fa4   Data           4  main.o(.bss.count2)
    room1                                    0x20001fc0   Data          56  main.o(.bss.room1)



==============================================================================

Memory Map of the image

  Image Entry point : 0x0800016d

  Load Region LR_1 (Base: 0x08000000, Size: 0x00001ba8, Max: 0xffffffff, ABSOLUTE)

    Execution Region ER_RO (Exec base: 0x08000000, Load base: 0x08000000, Size: 0x00001ba8, Max: 0xffffffff, ABSOLUTE)

    Exec Addr    Load Addr    Size         Type   Attr      Idx    E Section Name        Object

    0x08000000   0x08000000   0x000000ec   Data   RO          192    RESET               startup_stm32f10x_md.o
    0x080000ec   0x080000ec   0x00000008   Code   RO          221  * !!!main             c_w.l(__main.o)
    0x080000f4   0x080000f4   0x00000034   Code   RO          463    !!!scatter          c_w.l(__scatter.o)
    0x08000128   0x08000128   0x0000001c   Code   RO          465    !!handler_zi        c_w.l(__scatter_zi.o)
    0x08000144   0x08000144   0x00000002   Code   RO          324    .ARM.Collect$$libinit$$00000000  c_w.l(libinit.o)
    0x08000146   0x08000146   0x00000000   Code   RO          330    .ARM.Collect$$libinit$$00000002  c_w.l(libinit2.o)
    0x08000146   0x08000146   0x00000000   Code   RO          332    .ARM.Collect$$libinit$$00000004  c_w.l(libinit2.o)
    0x08000146   0x08000146   0x00000000   Code   RO          335    .ARM.Collect$$libinit$$0000000A  c_w.l(libinit2.o)
    0x08000146   0x08000146   0x00000000   Code   RO          337    .ARM.Collect$$libinit$$0000000C  c_w.l(libinit2.o)
    0x08000146   0x08000146   0x00000000   Code   RO          339    .ARM.Collect$$libinit$$0000000E  c_w.l(libinit2.o)
    0x08000146   0x08000146   0x00000000   Code   RO          342    .ARM.Collect$$libinit$$00000011  c_w.l(libinit2.o)
    0x08000146   0x08000146   0x00000000   Code   RO          344    .ARM.Collect$$libinit$$00000013  c_w.l(libinit2.o)
    0x08000146   0x08000146   0x00000000   Code   RO          346    .ARM.Collect$$libinit$$00000015  c_w.l(libinit2.o)
    0x08000146   0x08000146   0x00000000   Code   RO          348    .ARM.Collect$$libinit$$00000017  c_w.l(libinit2.o)
    0x08000146   0x08000146   0x00000000   Code   RO          350    .ARM.Collect$$libinit$$00000019  c_w.l(libinit2.o)
    0x08000146   0x08000146   0x00000000   Code   RO          352    .ARM.Collect$$libinit$$0000001B  c_w.l(libinit2.o)
    0x08000146   0x08000146   0x00000000   Code   RO          354    .ARM.Collect$$libinit$$0000001D  c_w.l(libinit2.o)
    0x08000146   0x08000146   0x00000000   Code   RO          356    .ARM.Collect$$libinit$$0000001F  c_w.l(libinit2.o)
    0x08000146   0x08000146   0x00000000   Code   RO          358    .ARM.Collect$$libinit$$00000021  c_w.l(libinit2.o)
    0x08000146   0x08000146   0x00000000   Code   RO          360    .ARM.Collect$$libinit$$00000023  c_w.l(libinit2.o)
    0x08000146   0x08000146   0x00000000   Code   RO          362    .ARM.Collect$$libinit$$00000025  c_w.l(libinit2.o)
    0x08000146   0x08000146   0x00000000   Code   RO          366    .ARM.Collect$$libinit$$0000002C  c_w.l(libinit2.o)
    0x08000146   0x08000146   0x00000000   Code   RO          368    .ARM.Collect$$libinit$$0000002E  c_w.l(libinit2.o)
    0x08000146   0x08000146   0x00000000   Code   RO          370    .ARM.Collect$$libinit$$00000030  c_w.l(libinit2.o)
    0x08000146   0x08000146   0x00000000   Code   RO          372    .ARM.Collect$$libinit$$00000032  c_w.l(libinit2.o)
    0x08000146   0x08000146   0x00000002   Code   RO          373    .ARM.Collect$$libinit$$00000033  c_w.l(libinit2.o)
    0x08000148   0x08000148   0x00000002   Code   RO          399    .ARM.Collect$$libshutdown$$00000000  c_w.l(libshutdown.o)
    0x0800014a   0x0800014a   0x00000000   Code   RO          414    .ARM.Collect$$libshutdown$$00000002  c_w.l(libshutdown2.o)
    0x0800014a   0x0800014a   0x00000000   Code   RO          416    .ARM.Collect$$libshutdown$$00000004  c_w.l(libshutdown2.o)
    0x0800014a   0x0800014a   0x00000000   Code   RO          419    .ARM.Collect$$libshutdown$$00000007  c_w.l(libshutdown2.o)
    0x0800014a   0x0800014a   0x00000000   Code   RO          422    .ARM.Collect$$libshutdown$$0000000A  c_w.l(libshutdown2.o)
    0x0800014a   0x0800014a   0x00000000   Code   RO          424    .ARM.Collect$$libshutdown$$0000000C  c_w.l(libshutdown2.o)
    0x0800014a   0x0800014a   0x00000000   Code   RO          427    .ARM.Collect$$libshutdown$$0000000F  c_w.l(libshutdown2.o)
    0x0800014a   0x0800014a   0x00000002   Code   RO          428    .ARM.Collect$$libshutdown$$00000010  c_w.l(libshutdown2.o)
    0x0800014c   0x0800014c   0x00000000   Code   RO          249    .ARM.Collect$$rtentry$$00000000  c_w.l(__rtentry.o)
    0x0800014c   0x0800014c   0x00000000   Code   RO          283    .ARM.Collect$$rtentry$$00000002  c_w.l(__rtentry2.o)
    0x0800014c   0x0800014c   0x00000006   Code   RO          295    .ARM.Collect$$rtentry$$00000004  c_w.l(__rtentry4.o)
    0x08000152   0x08000152   0x00000000   Code   RO          285    .ARM.Collect$$rtentry$$00000009  c_w.l(__rtentry2.o)
    0x08000152   0x08000152   0x00000004   Code   RO          286    .ARM.Collect$$rtentry$$0000000A  c_w.l(__rtentry2.o)
    0x08000156   0x08000156   0x00000000   Code   RO          288    .ARM.Collect$$rtentry$$0000000C  c_w.l(__rtentry2.o)
    0x08000156   0x08000156   0x00000008   Code   RO          289    .ARM.Collect$$rtentry$$0000000D  c_w.l(__rtentry2.o)
    0x0800015e   0x0800015e   0x00000002   Code   RO          327    .ARM.Collect$$rtexit$$00000000  c_w.l(rtexit.o)
    0x08000160   0x08000160   0x00000000   Code   RO          377    .ARM.Collect$$rtexit$$00000002  c_w.l(rtexit2.o)
    0x08000160   0x08000160   0x00000004   Code   RO          378    .ARM.Collect$$rtexit$$00000003  c_w.l(rtexit2.o)
    0x08000164   0x08000164   0x00000006   Code   RO          379    .ARM.Collect$$rtexit$$00000004  c_w.l(rtexit2.o)
    0x0800016a   0x0800016a   0x00000002   PAD
    0x0800016c   0x0800016c   0x00000040   Code   RO          193  * .text               startup_stm32f10x_md.o
    0x080001ac   0x080001ac   0x00000006   Code   RO          219    .text               c_w.l(heapauxi.o)
    0x080001b2   0x080001b2   0x00000016   Code   RO          250    .text               c_w.l(_rserrno.o)
    0x080001c8   0x080001c8   0x00000008   Code   RO          300    .text               c_w.l(rt_errno_addr_intlibspace.o)
    0x080001d0   0x080001d0   0x00000008   Code   RO          312    .text               c_w.l(libspace.o)
    0x080001d8   0x080001d8   0x0000004a   Code   RO          315    .text               c_w.l(sys_stackheap_outer.o)
    0x08000222   0x08000222   0x00000012   Code   RO          317    .text               c_w.l(exit.o)
    0x08000234   0x08000234   0x0000000c   Code   RO          389    .text               c_w.l(sys_exit.o)
    0x08000240   0x08000240   0x00000002   Code   RO          404    .text               c_w.l(use_no_semi.o)
    0x08000242   0x08000242   0x00000000   Code   RO          406    .text               c_w.l(indicate_semi.o)
    0x08000242   0x08000242   0x00000002   PAD
    0x08000244   0x08000244   0x0000000c   Code   RO          181    .text.ADC_Read      adc.o
    0x08000250   0x08000250   0x00000028   Code   RO          179    .text.ADC_Single_Conv_Init  adc.o
    0x08000278   0x08000278   0x00000038   Code   RO           75    .text.AFIO_Init     afio.o
    0x080002b0   0x080002b0   0x0000004e   Code   RO           84    .text.Clocks_Init   clocks.o
    0x080002fe   0x080002fe   0x00000002   PAD
    0x08000300   0x08000300   0x00000038   Code   RO          106    .text.EXTI0_IRQHandler  exti.o
    0x08000338   0x08000338   0x0000003c   Code   RO          108    .text.EXTI4_IRQHandler  exti.o
    0x08000374   0x08000374   0x0000000e   Code   RO          104    .text.EXTI_Get_Current_Count_Value  exti.o
    0x08000382   0x08000382   0x00000002   PAD
    0x08000384   0x08000384   0x0000000c   Code   RO           98    .text.EXTI_Get_Flag_Status  exti.o
    0x08000390   0x08000390   0x0000000e   Code   RO          102    .text.EXTI_Get_Voltage_Count_Value  exti.o
    0x0800039e   0x0800039e   0x00000002   PAD
    0x080003a0   0x080003a0   0x00000028   Code   RO           92    .text.EXTI_Init     exti.o
    0x080003c8   0x080003c8   0x0000000c   Code   RO          100    .text.EXTI_Set_Flag_Status  exti.o
    0x080003d4   0x080003d4   0x0000002c   Code   RO          124    .text.GPIO_Input_Init  gpio.o
    0x08000400   0x08000400   0x00000062   Code   RO          122    .text.GPIO_Reset    gpio.o
    0x08000462   0x08000462   0x00000002   PAD
    0x08000464   0x08000464   0x00000008   Code   RO          202    .text.SetSysClock   system_stm32f10x.o
    0x0800046c   0x0800046c   0x000000be   Code   RO          206    .text.SetSysClockTo72  system_stm32f10x.o
    0x0800052a   0x0800052a   0x00000002   PAD
    0x0800052c   0x0800052c   0x00000016   Code   RO          166    .text.SysTick_DelayMs  systick.o
    0x08000542   0x08000542   0x00000002   PAD
    0x08000544   0x08000544   0x0000000c   Code   RO          164    .text.SysTick_GetTick  systick.o
    0x08000550   0x08000550   0x00000010   Code   RO          168    .text.SysTick_Handler  systick.o
    0x08000560   0x08000560   0x0000001c   Code   RO          162    .text.SysTick_Init  systick.o
    0x0800057c   0x0800057c   0x00000056   Code   RO          200    .text.SystemInit    system_stm32f10x.o
    0x080005d2   0x080005d2   0x00000002   PAD
    0x080005d4   0x080005d4   0x00000018   Code   RO           17    .text.System_Init   system.o
    0x080005ec   0x080005ec   0x00000008   Code   RO           19    .text.System_TimerDelayMs  system.o
    0x080005f4   0x080005f4   0x00000016   Code   RO           35    .text.__NVIC_EnableIRQ  lm358.o
    0x0800060a   0x0800060a   0x00000002   PAD
    0x0800060c   0x0800060c   0x0000003a   Code   RO           37    .text.current_Init  lm358.o
    0x08000646   0x08000646   0x00000002   PAD
    0x08000648   0x08000648   0x0000006c   Code   RO           63    .text.getCurrent    meas.o
    0x080006b4   0x080006b4   0x0000001a   Code   RO           61    .text.getMaximumValue  meas.o
    0x080006ce   0x080006ce   0x00000002   PAD
    0x080006d0   0x080006d0   0x00000068   Code   RO           57    .text.getVoltage    meas.o
    0x08000738   0x08000738   0x00000008   Code   RO           41    .text.get_Current_Timer_Value  lm358.o
    0x08000740   0x08000740   0x00000008   Code   RO           43    .text.get_Flag_Status  lm358.o
    0x08000748   0x08000748   0x00000008   Code   RO           39    .text.get_Voltage_Timer_Value  lm358.o
    0x08000750   0x08000750   0x0000012c   Code   RO            2    .text.main          main.o
    0x0800087c   0x0800087c   0x0000000a   Code   RO           45    .text.reset_Flag_Status  lm358.o
    0x08000886   0x08000886   0x00000002   PAD
    0x08000888   0x08000888   0x00000020   Code   RO           65    .text.store_ADC_Current  meas.o
    0x080008a8   0x080008a8   0x00000020   Code   RO           59    .text.store_ADC_Voltage  meas.o
    0x080008c8   0x080008c8   0x00000024   Code   RO           55    .text.voltage_CurrentMeasurement_Init  meas.o
    0x080008ec   0x080008ec   0x00000038   Code   RO           33    .text.voltage_Init  lm358.o
    0x08000924   0x08000924   0x00000028   Code   RO          308    i.__ARM_fpclassify  m_ws.l(fpclassify.o)
    0x0800094c   0x0800094c   0x00000388   Code   RO          274    i.__ieee754_rem_pio2  m_ws.l(rred.o)
    0x08000cd4   0x08000cd4   0x000000fc   Code   RO          257    i.__kernel_cos      m_ws.l(cos_i.o)
    0x08000dd0   0x08000dd0   0x000000aa   Code   RO          310    i.__kernel_poly     m_ws.l(poly.o)
    0x08000e7a   0x08000e7a   0x00000002   PAD
    0x08000e7c   0x08000e7c   0x000000ec   Code   RO          279    i.__kernel_sin      m_ws.l(sin_i.o)
    0x08000f68   0x08000f68   0x00000006   Code   RO          261    i.__mathlib_dbl_infnan  m_ws.l(dunder.o)
    0x08000f6e   0x08000f6e   0x0000000c   Code   RO          263    i.__mathlib_dbl_invalid  m_ws.l(dunder.o)
    0x08000f7a   0x08000f7a   0x00000002   PAD
    0x08000f7c   0x08000f7c   0x00000010   Code   RO          266    i.__mathlib_dbl_underflow  m_ws.l(dunder.o)
    0x08000f8c   0x08000f8c   0x0000009c   Code   RO          242    i.cos               m_ws.l(cos.o)
    0x08001028   0x08001028   0x000000a0   Code   RO          246    i.sin               m_ws.l(sin.o)
    0x080010c8   0x080010c8   0x00000150   Code   RO          223    x$fpl$dadd          fz_ws.l(daddsub_clz.o)
    0x08001218   0x08001218   0x00000010   Code   RO          325    x$fpl$dcheck1       fz_ws.l(dcheck1.o)
    0x08001228   0x08001228   0x000002b4   Code   RO          230    x$fpl$ddiv          fz_ws.l(ddiv.o)
    0x080014dc   0x080014dc   0x0000005e   Code   RO          302    x$fpl$dfix          fz_ws.l(dfix.o)
    0x0800153a   0x0800153a   0x0000002e   Code   RO          234    x$fpl$dflt          fz_ws.l(dflt_clz.o)
    0x08001568   0x08001568   0x00000026   Code   RO          233    x$fpl$dfltu         fz_ws.l(dflt_clz.o)
    0x0800158e   0x0800158e   0x00000002   PAD
    0x08001590   0x08001590   0x00000154   Code   RO          239    x$fpl$dmul          fz_ws.l(dmul.o)
    0x080016e4   0x080016e4   0x0000009c   Code   RO          252    x$fpl$dnaninf       fz_ws.l(dnaninf.o)
    0x08001780   0x08001780   0x0000000c   Code   RO          254    x$fpl$dretinf       fz_ws.l(dretinf.o)
    0x0800178c   0x0800178c   0x00000016   Code   RO          224    x$fpl$drsb          fz_ws.l(daddsub_clz.o)
    0x080017a2   0x080017a2   0x00000002   PAD
    0x080017a4   0x080017a4   0x000001dc   Code   RO          225    x$fpl$dsub          fz_ws.l(daddsub_clz.o)
    0x08001980   0x08001980   0x00000064   Code   RO          374    x$fpl$retnan        fz_ws.l(retnan.o)
    0x080019e4   0x080019e4   0x0000005c   Code   RO          306    x$fpl$scalbn        fz_ws.l(scalbn.o)
    0x08001a40   0x08001a40   0x00000030   Code   RO          387    x$fpl$trapveneer    fz_ws.l(trapv.o)
    0x08001a70   0x08001a70   0x00000000   Code   RO          256    x$fpl$usenofp       fz_ws.l(usenofp.o)
    0x08001a70   0x08001a70   0x00000030   Data   RO          258    .constdata          m_ws.l(cos_i.o)
    0x08001aa0   0x08001aa0   0x000000cc   Data   RO          276    .constdata          m_ws.l(rred.o)
    0x08001b6c   0x08001b6c   0x00000004   PAD
    0x08001b70   0x08001b70   0x00000028   Data   RO          280    .constdata          m_ws.l(sin_i.o)
    0x08001b98   0x08001b98   0x00000010   Data   RO          462    Region$$Table       anon$$obj.o


    Execution Region ER_RW (Exec base: 0x20000000, Load base: 0x08001ba8, Size: 0x00000000, Max: 0xffffffff, ABSOLUTE)

    **** No section assigned to this execution region ****


    Execution Region ER_ZI (Exec base: 0x20000000, Load base: 0x08001ba8, Size: 0x000025f8, Max: 0xffffffff, ABSOLUTE)

    Exec Addr    Load Addr    Size         Type   Attr      Idx    E Section Name        Object

    0x20000000        -       0x00000060   Zero   RW          313    .bss                c_w.l(libspace.o)
    0x20000060        -       0x00000fa0   Zero   RW            6    .bss.adcCurrent     main.o
    0x20001000        -       0x00000fa0   Zero   RW            5    .bss.adcVoltage     main.o
    0x20001fa0        -       0x00000004   Zero   RW            7    .bss.count1         main.o
    0x20001fa4        -       0x00000004   Zero   RW            8    .bss.count2         main.o
    0x20001fa8        -       0x00000004   Zero   RW          113    .bss.count_c        exti.o
    0x20001fac        -       0x00000004   Zero   RW          112    .bss.count_v        exti.o
    0x20001fb0        -       0x00000001   Zero   RW          111    .bss.flag           exti.o
    0x20001fb1   0x08001ba8   0x00000003   PAD
    0x20001fb4        -       0x00000004   Zero   RW          170    .bss.numberOfTicks  systick.o
    0x20001fb8        -       0x00000008   Zero   RW            9    .bss.old            main.o
    0x20001fc0        -       0x00000038   Zero   RW            4    .bss.room1          main.o
    0x20001ff8        -       0x00000200   Zero   RW          191    HEAP                startup_stm32f10x_md.o
    0x200021f8        -       0x00000400   Zero   RW          190    STACK               startup_stm32f10x_md.o


==============================================================================

Image component sizes


      Code (inc. data)   RO Data    RW Data    ZI Data      Debug   Object Name

        52          0          0          0          0       1513   adc.o
        56          0          0          0          0       1163   afio.o
        78          0          0          0          0        919   clocks.o
       208          0          0          0          9       2192   exti.o
       142          0          0          0          0       2664   gpio.o
       170          0          0          0          0       3533   lm358.o
       300          0          0          0       8072       1131   main.o
       338          0          0          0          0       2538   meas.o
        64         26        236          0       1536        868   startup_stm32f10x_md.o
        32          0          0          0          0       1641   system.o
       284          0          0          0          0       2854   system_stm32f10x.o
        78          0          0          0          4       1234   systick.o

    ----------------------------------------------------------------------
      1824         26        252          0       9624      22250   Object Totals
         0          0         16          0          0          0   (incl. Generated)
        22          0          0          0          3          0   (incl. Padding)

    ----------------------------------------------------------------------

      Code (inc. data)   RO Data    RW Data    ZI Data      Debug   Library Member Name

         8          0          0          0          0         68   __main.o
         0          0          0          0          0          0   __rtentry.o
        12          0          0          0          0          0   __rtentry2.o
         6          0          0          0          0          0   __rtentry4.o
        52          8          0          0          0          0   __scatter.o
        28          0          0          0          0          0   __scatter_zi.o
        22          0          0          0          0        100   _rserrno.o
        18          0          0          0          0         80   exit.o
         6          0          0          0          0        152   heapauxi.o
         0          0          0          0          0          0   indicate_semi.o
         2          0          0          0          0          0   libinit.o
         2          0          0          0          0          0   libinit2.o
         2          0          0          0          0          0   libshutdown.o
         2          0          0          0          0          0   libshutdown2.o
         8          4          0          0         96         68   libspace.o
         8          4          0          0          0         68   rt_errno_addr_intlibspace.o
         2          0          0          0          0          0   rtexit.o
        10          0          0          0          0          0   rtexit2.o
        12          4          0          0          0         68   sys_exit.o
        74          0          0          0          0         80   sys_stackheap_outer.o
         2          0          0          0          0         68   use_no_semi.o
       834         16          0          0          0        372   daddsub_clz.o
        16          4          0          0          0         68   dcheck1.o
       692        140          0          0          0        216   ddiv.o
        94          4          0          0          0         92   dfix.o
        84          0          0          0          0        136   dflt_clz.o
       340         12          0          0          0        104   dmul.o
       156          4          0          0          0         92   dnaninf.o
        12          0          0          0          0         68   dretinf.o
       100          0          0          0          0         68   retnan.o
        92          0          0          0          0         68   scalbn.o
        48          0          0          0          0         68   trapv.o
         0          0          0          0          0          0   usenofp.o
       156          8          0          0          0        104   cos.o
       252         22         48          0          0        124   cos_i.o
        34          6          0          0          0        204   dunder.o
        40          0          0          0          0         68   fpclassify.o
       170          0          0          0          0         96   poly.o
       904         76        204          0          0        140   rred.o
       160         10          0          0          0        108   sin.o
       236         12         40          0          0        128   sin_i.o

    ----------------------------------------------------------------------
      4708        334        296          0         96       3076   Library Totals
        12          0          4          0          0          0   (incl. Padding)

    ----------------------------------------------------------------------

      Code (inc. data)   RO Data    RW Data    ZI Data      Debug   Library Name

       276         20          0          0         96        752   c_w.l
      2468        180          0          0          0       1352   fz_ws.l
      1952        134        292          0          0        972   m_ws.l

    ----------------------------------------------------------------------
      4708        334        296          0         96       3076   Library Totals

    ----------------------------------------------------------------------

==============================================================================


      Code (inc. data)   RO Data    RW Data    ZI Data      Debug   

      6532        360        548          0       9720      23638   Grand Totals
      6532        360        548          0       9720      23638   ELF Image Totals
      6532        360        548          0          0          0   ROM Totals

==============================================================================

    Total RO  Size (Code + RO Data)                 7080 (   6.91kB)
    Total RW  Size (RW Data + ZI Data)              9720 (   9.49kB)
    Total ROM Size (Code + RO Data + RW Data)       7080 (   6.91kB)

==============================================================================

